Archive member included to satisfy reference by file (symbol)

/ledger/linux/gcc-arm-none-eabi-5_3-2016q1/bin/../lib/gcc/arm-none-eabi/5.3.1/armv6-m/libgcc.a(_udivsi3.o)
                              obj/btchip_base58.o (__aeabi_uidiv)
/ledger/linux/gcc-arm-none-eabi-5_3-2016q1/bin/../lib/gcc/arm-none-eabi/5.3.1/armv6-m/libgcc.a(_divsi3.o)
                              obj/btchip_base58.o (__aeabi_idiv)
/ledger/linux/gcc-arm-none-eabi-5_3-2016q1/bin/../lib/gcc/arm-none-eabi/5.3.1/armv6-m/libgcc.a(_dvmd_tls.o)
                              /ledger/linux/gcc-arm-none-eabi-5_3-2016q1/bin/../lib/gcc/arm-none-eabi/5.3.1/armv6-m/libgcc.a(_udivsi3.o) (__aeabi_idiv0)
/ledger/linux/gcc-arm-none-eabi-5_3-2016q1/bin/../lib/gcc/arm-none-eabi/5.3.1/armv6-m/libgcc.a(_muldi3.o)
                              obj/uint256.o (__aeabi_lmul)
/ledger/linux/gcc-arm-none-eabi-5_3-2016q1/bin/../lib/gcc/arm-none-eabi/5.3.1/../../../../arm-none-eabi/lib/armv6-m/libc.a(lib_a-aeabi_memclr.o)
                              obj/btchip_base58.o (__aeabi_memclr)
/ledger/linux/gcc-arm-none-eabi-5_3-2016q1/bin/../lib/gcc/arm-none-eabi/5.3.1/../../../../arm-none-eabi/lib/armv6-m/libc.a(lib_a-aeabi_memmove.o)
                              obj/os_printf.o (__aeabi_memmove)
/ledger/linux/gcc-arm-none-eabi-5_3-2016q1/bin/../lib/gcc/arm-none-eabi/5.3.1/../../../../arm-none-eabi/lib/armv6-m/libc.a(lib_a-aeabi_memset.o)
                              obj/os.o (__aeabi_memset)
/ledger/linux/gcc-arm-none-eabi-5_3-2016q1/bin/../lib/gcc/arm-none-eabi/5.3.1/../../../../arm-none-eabi/lib/armv6-m/libc.a(lib_a-memmove.o)
                              /ledger/linux/gcc-arm-none-eabi-5_3-2016q1/bin/../lib/gcc/arm-none-eabi/5.3.1/../../../../arm-none-eabi/lib/armv6-m/libc.a(lib_a-aeabi_memmove.o) (memmove)
/ledger/linux/gcc-arm-none-eabi-5_3-2016q1/bin/../lib/gcc/arm-none-eabi/5.3.1/../../../../arm-none-eabi/lib/armv6-m/libc.a(lib_a-memset.o)
                              /ledger/linux/gcc-arm-none-eabi-5_3-2016q1/bin/../lib/gcc/arm-none-eabi/5.3.1/../../../../arm-none-eabi/lib/armv6-m/libc.a(lib_a-aeabi_memset.o) (memset)
/ledger/linux/gcc-arm-none-eabi-5_3-2016q1/bin/../lib/gcc/arm-none-eabi/5.3.1/../../../../arm-none-eabi/lib/armv6-m/libc.a(lib_a-setjmp.o)
                              obj/business.o (setjmp)
/ledger/linux/gcc-arm-none-eabi-5_3-2016q1/bin/../lib/gcc/arm-none-eabi/5.3.1/../../../../arm-none-eabi/lib/armv6-m/libc.a(lib_a-strlen-stub.o)
                              obj/os_io_seproxyhal.o (strlen)
/ledger/linux/gcc-arm-none-eabi-5_3-2016q1/bin/../lib/gcc/arm-none-eabi/5.3.1/../../../../arm-none-eabi/lib/armv6-m/libc.a(lib_a-strncmp.o)
                              obj/operation.o (strncmp)

Discarded input sections

 .text          0x00000000        0x0 obj/apdu_constants.o
 .text.get_cache_buffer
                0x00000000       0x10 obj/apdu_constants.o
 .ARM.exidx.text.get_cache_buffer
                0x00000000        0x8 obj/apdu_constants.o
 .text          0x00000000        0x0 obj/btchip_base58.o
 .text.btchip_decode_base58
                0x00000000      0x100 obj/btchip_base58.o
 .ARM.exidx.text.btchip_decode_base58
                0x00000000        0x8 obj/btchip_base58.o
 .rodata.BASE58TABLE
                0x00000000       0x80 obj/btchip_base58.o
 .text          0x00000000        0x0 obj/business.o
 .text.io_seproxyhal_touch_approve
                0x00000000       0x8c obj/business.o
 .ARM.exidx.text.io_seproxyhal_touch_approve
                0x00000000        0x8 obj/business.o
 .text          0x00000000        0x0 obj/cx.o
 .text.cx_rng_u32_range_func
                0x00000000       0x3c obj/cx.o
 .ARM.exidx.text.cx_rng_u32_range_func
                0x00000000        0x8 obj/cx.o
 .text.cx_rng_u32_range
                0x00000000       0x3a obj/cx.o
 .ARM.exidx.text.cx_rng_u32_range
                0x00000000        0x8 obj/cx.o
 .debug_str     0x00000000      0x113 obj/cx.o
 .debug_loc     0x00000000      0x18b obj/cx.o
 .debug_abbrev  0x00000000       0xbd obj/cx.o
 .debug_info    0x00000000      0x181 obj/cx.o
 .debug_ranges  0x00000000       0x18 obj/cx.o
 .debug_macinfo
                0x00000000        0x1 obj/cx.o
 .debug_pubnames
                0x00000000       0x41 obj/cx.o
 .debug_pubtypes
                0x00000000       0x5f obj/cx.o
 .comment       0x00000000       0x2e obj/cx.o
 .note.GNU-stack
                0x00000000        0x0 obj/cx.o
 .ARM.attributes
                0x00000000       0x41 obj/cx.o
 .debug_frame   0x00000000       0x4c obj/cx.o
 .debug_line    0x00000000      0x135 obj/cx.o
 .text          0x00000000        0x0 obj/cx_compliance_141.o
 .text.cx_rng_rfc6979_X
                0x00000000       0x46 obj/cx_compliance_141.o
 .ARM.exidx.text.cx_rng_rfc6979_X
                0x00000000        0x8 obj/cx_compliance_141.o
 .text.cx_hash_sha256_X
                0x00000000        0xa obj/cx_compliance_141.o
 .ARM.exidx.text.cx_hash_sha256_X
[...]
Memory Configuration

Name             Origin             Length             Attributes
DISCARD          0xd0000000         0x00100000         xrw
FLASH            0xc0d00000         0x00064000         xr
SRAM             0x20001800         0x00001000         xrw
*default*        0x00000000         0xffffffff

Linker script and memory map

LOAD obj/apdu_constants.o
LOAD obj/btchip_base58.o
LOAD obj/business.o
LOAD obj/cx.o
LOAD obj/cx_compliance_141.o
LOAD obj/main.o
LOAD obj/operation.o
LOAD obj/operation_utils.o
LOAD obj/os.o
LOAD obj/os_io_seproxyhal.o
LOAD obj/os_io_usb.o
LOAD obj/os_printf.o
LOAD obj/pic.o
LOAD obj/pic_internal.o
LOAD obj/syscalls.o
LOAD obj/tcr.o
LOAD obj/transaction_builder.o
LOAD obj/u2f_impl.o
LOAD obj/u2f_io.o
LOAD obj/u2f_transport.o
LOAD obj/ui.o
LOAD obj/ui_account.o
LOAD obj/ui_main.o
LOAD obj/ui_sign_transaction.o
LOAD obj/uint256.o
LOAD obj/usbd_ccid_cmd.o
LOAD obj/usbd_ccid_core.o
LOAD obj/usbd_ccid_if.o
LOAD obj/usbd_conf.o
LOAD obj/usbd_core.o
LOAD obj/usbd_ctlreq.o
LOAD obj/usbd_hid.o
LOAD obj/usbd_impl.o
LOAD obj/usbd_ioreq.o
LOAD obj/ux_flow_engine.o
LOAD obj/ux_layout_bb.o
LOAD obj/ux_layout_bn.o
LOAD obj/ux_layout_bnn.o
LOAD obj/ux_layout_bnnn.o
LOAD obj/ux_layout_nn.o
LOAD obj/ux_layout_nnbnn.o
LOAD obj/ux_layout_nnn.o
LOAD obj/ux_layout_nnnn.o
LOAD obj/ux_layout_paging.o
LOAD obj/ux_layout_pb.o
LOAD obj/ux_layout_pbb.o
LOAD obj/ux_layout_pn.o
LOAD obj/ux_layout_pnn.o
LOAD obj/ux_layout_utils.o
LOAD obj/ux_legacy.o
LOAD obj/ux_menulist.o
LOAD obj/ux_stack.o
LOAD /ledger/linux/gcc-arm-none-eabi-5_3-2016q1/bin/../lib/gcc/arm-none-eabi/5.3.1/../../../../arm-none-eabi/lib/armv6-m/libm.a
LOAD /ledger/linux/gcc-arm-none-eabi-5_3-2016q1/bin/../lib/gcc/arm-none-eabi/5.3.1/armv6-m/libgcc.a
LOAD /ledger/linux/gcc-arm-none-eabi-5_3-2016q1/bin/../lib/gcc/arm-none-eabi/5.3.1/../../../../arm-none-eabi/lib/armv6-m/libc.a
START GROUP
LOAD /ledger/linux/gcc-arm-none-eabi-5_3-2016q1/bin/../lib/gcc/arm-none-eabi/5.3.1/armv6-m/libgcc.a
LOAD /ledger/linux/gcc-arm-none-eabi-5_3-2016q1/bin/../lib/gcc/arm-none-eabi/5.3.1/../../../../arm-none-eabi/lib/armv6-m/libg.a
LOAD /ledger/linux/gcc-arm-none-eabi-5_3-2016q1/bin/../lib/gcc/arm-none-eabi/5.3.1/../../../../arm-none-eabi/lib/armv6-m/libc.a
END GROUP
                0x00000040                PAGE_SIZE = 0x40
                0x00000200                STACK_SIZE = 0x200
                0x20002800                END_STACK = (ORIGIN (SRAM) + LENGTH (SRAM))

.text           0xc0d00000     0x7c40
                0xc0d00000                _text = .
                0xc0d00000                _nvram = .
                [!provide]                PROVIDE (_setjmp, setjmp)
 *(.boot*)
 .boot          0xc0d00000      0x128 obj/main.o
                0xc0d00000                main
 *(.text*)
 .text.btchip_encode_base58
                0xc0d00128      0x100 obj/btchip_base58.o
                0xc0d00128                btchip_encode_base58
 .text.get_address
                0xc0d00228       0x6c obj/business.o
                0xc0d00228                get_address
 .text.public_key_hash160
                0xc0d00294       0xd8 obj/business.o
 .text.set_key  0xc0d0036c       0x6c obj/business.o
                0xc0d0036c                set_key
 .text.init_key
                0xc0d003d8        0xe obj/business.o
                0xc0d003d8                init_key
 *fill*         0xc0d003e6        0x2 00
 .text.handle_business
                0xc0d003e8      0x230 obj/business.o
                0xc0d003e8                handle_business
 .text.io_seproxyhal_touch_deny
                0xc0d00618       0x30 obj/business.o
                0xc0d00618                io_seproxyhal_touch_deny
 .text.cx_hash_X
                0xc0d00648       0x62 obj/cx_compliance_141.o
                0xc0d00648                cx_hash_X
 .text.cx_ecfp_get_domain_length
                0xc0d006aa       0x7c obj/cx_compliance_141.o
 .text.cx_ecdsa_sign_X
                0xc0d00726       0x36 obj/cx_compliance_141.o
                0xc0d00726                cx_ecdsa_sign_X
 .text.app_exit
                0xc0d0075c       0x48 obj/main.o
                0xc0d0075c                app_exit
 .text.io_seproxyhal_display
                0xc0d007a4        0x8 obj/main.o
                0xc0d007a4                io_seproxyhal_display
 .text.io_exchange_al
                0xc0d007ac       0x44 obj/main.o
                0xc0d007ac                io_exchange_al
 .text.io_event
                0xc0d007f0      0x4d8 obj/main.o
                0xc0d007f0                io_event
 .text.find_data_processor
                0xc0d00cc8       0xf8 obj/operation.o
                0xc0d00cc8                find_data_processor
 .text.read_message
                0xc0d00dc0       0x2e obj/operation.o
                0xc0d00dc0                read_message
 *fill*         0xc0d00dee        0x2 00
 .text.get_uint_128
                0xc0d00df0       0x6c obj/operation.o
                0xc0d00df0                get_uint_128
 .text.find_fee
                0xc0d00e5c       0x94 obj/operation.o
                0xc0d00e5c                find_fee
 .text.find_creator
                0xc0d00ef0       0xc4 obj/operation.o
                0xc0d00ef0                find_creator
 .text.find_proposaler
                0xc0d00fb4       0xc4 obj/operation.o
                0xc0d00fb4                find_proposaler
 .text.find_pledger
                0xc0d01078       0xc4 obj/operation.o
                0xc0d01078                find_pledger
 .text.find_side
                0xc0d0113c       0x9c obj/operation.o
                0xc0d0113c                find_side
 .text.find_order_type
                0xc0d011d8       0xa0 obj/operation.o
                0xc0d011d8                find_order_type
 .text.find_market_name
                0xc0d01278       0xb8 obj/operation.o
                0xc0d01278                find_market_name
 .text.find_from
                0xc0d01330       0xb0 obj/operation.o
                0xc0d01330                find_from
 .text.find_to  0xc0d013e0       0xac obj/operation.o
                0xc0d013e0                find_to
 .text.find_to_external_address
                0xc0d0148c       0xc0 obj/operation.o
                0xc0d0148c                find_to_external_address
 .text.find_message
                0xc0d0154c       0xc8 obj/operation.o
                0xc0d0154c                find_message
 .text.find_amount
                0xc0d01614       0xf0 obj/operation.o
                0xc0d01614                find_amount
 .text.find_price
                0xc0d01704       0xe8 obj/operation.o
                0xc0d01704                find_price
 .text.find_use_btt_as_fee
                0xc0d017ec       0x60 obj/operation.o
                0xc0d017ec                find_use_btt_as_fee
 .text.find_freeze_btt_fee
                0xc0d0184c       0xa8 obj/operation.o
                0xc0d0184c                find_freeze_btt_fee
 .text.find_now
                0xc0d018f4       0x5c obj/operation.o
                0xc0d018f4                find_now
 .text.find_expiration
                0xc0d01950       0x64 obj/operation.o
                0xc0d01950                find_expiration
 .text.find_custom_btt_fee_rate
                0xc0d019b4       0x84 obj/operation.o
                0xc0d019b4                find_custom_btt_fee_rate
 .text.find_custom_no_btt_fee_rate
                0xc0d01a38       0x88 obj/operation.o
                0xc0d01a38                find_custom_no_btt_fee_rate
 .text.find_money_id
                0xc0d01ac0       0x64 obj/operation.o
                0xc0d01ac0                find_money_id
 .text.find_stock_id
                0xc0d01b24       0x64 obj/operation.o
                0xc0d01b24                find_stock_id
 .text.find_asset_type
                0xc0d01b88       0x64 obj/operation.o
                0xc0d01b88                find_asset_type
 .text.find_asset_fee
                0xc0d01bec       0x7c obj/operation.o
                0xc0d01bec                find_asset_fee
 .text.find_order_id
                0xc0d01c68       0x4c obj/operation.o
                0xc0d01c68                find_order_id
 .text.find_payment_id
                0xc0d01cb4       0x4c obj/operation.o
                0xc0d01cb4                find_payment_id
 .text.find_contract_id
                0xc0d01d00       0x4c obj/operation.o
                0xc0d01d00                find_contract_id
 .text.find_proposed_ops
                0xc0d01d4c       0x6c obj/operation.o
                0xc0d01d4c                find_proposed_ops
 .text.build_withdraw_operation_data
                0xc0d01db8       0xe6 obj/operation.o
                0xc0d01db8                build_withdraw_operation_data
 *fill*         0xc0d01e9e        0x2 00
 .text.build_withdraw_operation
                0xc0d01ea0       0x54 obj/operation.o
                0xc0d01ea0                build_withdraw_operation
 .text.build_withdraw2_operation_data
                0xc0d01ef4      0x106 obj/operation.o
                0xc0d01ef4                build_withdraw2_operation_data
 *fill*         0xc0d01ffa        0x2 00
 .text.build_withdraw2_operation
                0xc0d01ffc       0x54 obj/operation.o
                0xc0d01ffc                build_withdraw2_operation
 .text.build_transfer2_operation_data
                0xc0d02050      0x106 obj/operation.o
                0xc0d02050                build_transfer2_operation_data
 *fill*         0xc0d02156        0x2 00
 .text.build_transfer2_operation
                0xc0d02158       0x54 obj/operation.o
                0xc0d02158                build_transfer2_operation
 .text.build_order_create3_operation_data
                0xc0d021ac      0x278 obj/operation.o
                0xc0d021ac                build_order_create3_operation_data
 .text.build_order_create3_operation
                0xc0d02424       0x54 obj/operation.o
                0xc0d02424                build_order_create3_operation
 .text.build_order_cancel2_operation_data
                0xc0d02478      0x106 obj/operation.o
                0xc0d02478                build_order_cancel2_operation_data
 *fill*         0xc0d0257e        0x2 00
 .text.build_order_cancel2_operation
                0xc0d02580       0x54 obj/operation.o
                0xc0d02580                build_order_cancel2_operation
 .text.build_pledge_operation_data
                0xc0d025d4       0xee obj/operation.o
                0xc0d025d4                build_pledge_operation_data
 *fill*         0xc0d026c2        0x2 00
 .text.build_pledge_operation
                0xc0d026c4       0x54 obj/operation.o
                0xc0d026c4                build_pledge_operation
 .text.build_redeem_operation_data
                0xc0d02718       0xee obj/operation.o
                0xc0d02718                build_redeem_operation_data
 *fill*         0xc0d02806        0x2 00
 .text.build_redeem_operation
                0xc0d02808       0x54 obj/operation.o
                0xc0d02808                build_redeem_operation
 .text.build_torrent_payment_refund_operation_data
                0xc0d0285c       0x80 obj/operation.o
                0xc0d0285c                build_torrent_payment_refund_operation_data
 .text.build_torrent_payment_refund_operation
                0xc0d028dc       0x54 obj/operation.o
                0xc0d028dc                build_torrent_payment_refund_operation
 .text.build_proposal_operation_data
                0xc0d02930      0x224 obj/operation.o
                0xc0d02930                build_proposal_operation_data
 .text.build_proposal_operation
                0xc0d02b54       0x54 obj/operation.o
                0xc0d02b54                build_proposal_operation
 .text.build_operation
                0xc0d02ba8      0x134 obj/operation.o
                0xc0d02ba8                build_operation
 .text.uint32_to_bytes
                0xc0d02cdc       0x12 obj/operation_utils.o
                0xc0d02cdc                uint32_to_bytes
 .text.uint32_to_bytes_net
                0xc0d02cee       0x12 obj/operation_utils.o
                0xc0d02cee                uint32_to_bytes_net
 .text.get_uint_128_bytes
                0xc0d02d00       0x44 obj/operation_utils.o
                0xc0d02d00                get_uint_128_bytes
 .text.get_uint_128_bytes_c
                0xc0d02d44       0x44 obj/operation_utils.o
                0xc0d02d44                get_uint_128_bytes_c
 .text.get_uint_256_bytes
                0xc0d02d88       0x1a obj/operation_utils.o
                0xc0d02d88                get_uint_256_bytes
 .text.os_boot  0xc0d02da2        0xa obj/os.o
                0xc0d02da2                os_boot
 .text.os_memmove
                0xc0d02dac       0x36 obj/os.o
                0xc0d02dac                os_memmove
 .text.os_memset
                0xc0d02de2       0x12 obj/os.o
                0xc0d02de2                os_memset
 .text.os_memcmp
                0xc0d02df4       0x2e obj/os.o
                0xc0d02df4                os_memcmp
 .text.os_longjmp
                0xc0d02e22        0xe obj/os.o
                0xc0d02e22                os_longjmp
 .text.io_seproxyhal_general_status
                0xc0d02e30       0x28 obj/os_io_seproxyhal.o
                0xc0d02e30                io_seproxyhal_general_status
 .text.io_seproxyhal_handle_usb_event
                0xc0d02e58       0x78 obj/os_io_seproxyhal.o
                0xc0d02e58                io_seproxyhal_handle_usb_event
 .text.io_seproxyhal_get_ep_rx_size
                0xc0d02ed0       0x18 obj/os_io_seproxyhal.o
                0xc0d02ed0                io_seproxyhal_get_ep_rx_size
 .text.io_seproxyhal_handle_usb_ep_xfer_event
                0xc0d02ee8       0x68 obj/os_io_seproxyhal.o
                0xc0d02ee8                io_seproxyhal_handle_usb_ep_xfer_event
 .text.io_usb_send_ep
                0xc0d02f50       0x50 obj/os_io_seproxyhal.o
                0xc0d02f50                io_usb_send_ep
 .text.io_usb_send_apdu_data
                0xc0d02fa0       0x10 obj/os_io_seproxyhal.o
                0xc0d02fa0                io_usb_send_apdu_data
 .text.io_usb_send_apdu_data_ep0x83
                0xc0d02fb0       0x10 obj/os_io_seproxyhal.o
                0xc0d02fb0                io_usb_send_apdu_data_ep0x83
 .text.io_seproxyhal_handle_capdu_event
                0xc0d02fc0       0x3c obj/os_io_seproxyhal.o
                0xc0d02fc0                io_seproxyhal_handle_capdu_event
 .text.io_seproxyhal_handle_event
                0xc0d02ffc       0x8c obj/os_io_seproxyhal.o
                0xc0d02ffc                io_seproxyhal_handle_event
 .text.io_seproxyhal_init
                0xc0d03088       0x34 obj/os_io_seproxyhal.o
                0xc0d03088                io_seproxyhal_init
 .text.io_seproxyhal_init_ux
                0xc0d030bc        0x2 obj/os_io_seproxyhal.o
                0xc0d030bc                io_seproxyhal_init_ux
 *fill*         0xc0d030be        0x2 00
 .text.io_seproxyhal_init_button
                0xc0d030c0       0x10 obj/os_io_seproxyhal.o
                0xc0d030c0                io_seproxyhal_init_button
 .text.io_seproxyhal_display_icon
                0xc0d030d0       0xa4 obj/os_io_seproxyhal.o
                0xc0d030d0                io_seproxyhal_display_icon
 .text.io_seproxyhal_display_default
                0xc0d03174       0x88 obj/os_io_seproxyhal.o
                0xc0d03174                io_seproxyhal_display_default
 .text.bagl_label_roundtrip_duration_ms
                0xc0d031fc        0xc obj/os_io_seproxyhal.o
                0xc0d031fc                bagl_label_roundtrip_duration_ms
 .text.bagl_label_roundtrip_duration_ms_buf
                0xc0d03208       0x4a obj/os_io_seproxyhal.o
                0xc0d03208                bagl_label_roundtrip_duration_ms_buf
 *fill*         0xc0d03252        0x2 00
 .text.io_seproxyhal_button_push
                0xc0d03254       0x68 obj/os_io_seproxyhal.o
                0xc0d03254                io_seproxyhal_button_push
 .text.io_seproxyhal_setup_ticker
                0xc0d032bc       0x24 obj/os_io_seproxyhal.o
                0xc0d032bc                io_seproxyhal_setup_ticker
 .text.os_io_seproxyhal_get_app_name_and_version
                0xc0d032e0       0x48 obj/os_io_seproxyhal.o
                0xc0d032e0                os_io_seproxyhal_get_app_name_and_version
 .text.io_exchange
                0xc0d03328      0x2f4 obj/os_io_seproxyhal.o
                0xc0d03328                io_exchange
 .text.os_io_seph_recv_and_process
                0xc0d0361c       0x4c obj/os_io_seproxyhal.o
                0xc0d0361c                os_io_seph_recv_and_process
 .text.io_usb_hid_receive
                0xc0d03668      0x160 obj/os_io_usb.o
                0xc0d03668                io_usb_hid_receive
 .text.io_usb_hid_init
                0xc0d037c8       0x1c obj/os_io_usb.o
                0xc0d037c8                io_usb_hid_init
 .text.io_usb_hid_sent
                0xc0d037e4       0xbc obj/os_io_usb.o
                0xc0d037e4                io_usb_hid_sent
 .text.io_usb_hid_send
                0xc0d038a0       0x34 obj/os_io_usb.o
                0xc0d038a0                io_usb_hid_send
 .text.pic      0xc0d038d4       0x1c obj/pic.o
                0xc0d038d4                pic
 .text.pic_internal
                0xc0d038f0       0x10 obj/pic_internal.o
                0xc0d038f0                pic_internal
 .text.SVC_Call
                0xc0d03900        0x4 obj/syscalls.o
                0xc0d03900                SVC_Call
 .text.check_api_level
                0xc0d03904       0x18 obj/syscalls.o
                0xc0d03904                check_api_level
 .text.halt     0xc0d0391c       0x14 obj/syscalls.o
                0xc0d0391c                halt
 .text.nvm_write
                0xc0d03930       0x1c obj/syscalls.o
                0xc0d03930                nvm_write
 .text.cx_rng   0xc0d0394c       0x1c obj/syscalls.o
                0xc0d0394c                cx_rng
 .text.cx_hash  0xc0d03968       0x28 obj/syscalls.o
                0xc0d03968                cx_hash
 .text.cx_ripemd160_init
                0xc0d03990       0x18 obj/syscalls.o
                0xc0d03990                cx_ripemd160_init
 .text.cx_sha256_init
                0xc0d039a8       0x18 obj/syscalls.o
                0xc0d039a8                cx_sha256_init
 .text.cx_sha512_init
                0xc0d039c0       0x18 obj/syscalls.o
                0xc0d039c0                cx_sha512_init
 .text.cx_ecfp_init_private_key
                0xc0d039d8       0x20 obj/syscalls.o
                0xc0d039d8                cx_ecfp_init_private_key
 .text.cx_ecfp_generate_pair
                0xc0d039f8       0x20 obj/syscalls.o
                0xc0d039f8                cx_ecfp_generate_pair
 .text.cx_ecdsa_sign
                0xc0d03a18       0x30 obj/syscalls.o
                0xc0d03a18                cx_ecdsa_sign
 .text.cx_crc16_update
                0xc0d03a48       0x20 obj/syscalls.o
                0xc0d03a48                cx_crc16_update
 .text.os_perso_isonboarded
                0xc0d03a68       0x18 obj/syscalls.o
                0xc0d03a68                os_perso_isonboarded
 .text.os_perso_derive_node_bip32
                0xc0d03a80       0x20 obj/syscalls.o
                0xc0d03a80                os_perso_derive_node_bip32
 .text.os_perso_seed_cookie
                0xc0d03aa0       0x1c obj/syscalls.o
                0xc0d03aa0                os_perso_seed_cookie
 .text.os_global_pin_is_validated
                0xc0d03abc       0x18 obj/syscalls.o
                0xc0d03abc                os_global_pin_is_validated
 .text.os_ux    0xc0d03ad4       0x18 obj/syscalls.o
                0xc0d03ad4                os_ux
 .text.os_lib_throw
                0xc0d03aec       0x18 obj/syscalls.o
                0xc0d03aec                os_lib_throw
 .text.os_flags
                0xc0d03b04       0x18 obj/syscalls.o
                0xc0d03b04                os_flags
 .text.os_registry_get_current_app_tag
                0xc0d03b1c       0x1c obj/syscalls.o
                0xc0d03b1c                os_registry_get_current_app_tag
 .text.os_sched_exit
                0xc0d03b38       0x18 obj/syscalls.o
                0xc0d03b38                os_sched_exit
 .text.io_seph_send
                0xc0d03b50       0x18 obj/syscalls.o
                0xc0d03b50                io_seph_send
 .text.io_seph_is_status_sent
                0xc0d03b68       0x18 obj/syscalls.o
                0xc0d03b68                io_seph_is_status_sent
 .text.io_seph_recv
                0xc0d03b80       0x20 obj/syscalls.o
                0xc0d03b80                io_seph_recv
 .text.try_context_get
                0xc0d03ba0       0x18 obj/syscalls.o
                0xc0d03ba0                try_context_get
 .text.try_context_set
                0xc0d03bb8       0x18 obj/syscalls.o
                0xc0d03bb8                try_context_set
 .text.os_sched_last_status
                0xc0d03bd0       0x1c obj/syscalls.o
                0xc0d03bd0                os_sched_last_status
 .text.find_tx_data
                0xc0d03bec       0x76 obj/transaction_builder.o
                0xc0d03bec                find_tx_data
 *fill*         0xc0d03c62        0x2 00
 .text.encode_chain_id
                0xc0d03c64       0x48 obj/transaction_builder.o
                0xc0d03c64                encode_chain_id
 .text.encode_timestamp
                0xc0d03cac       0x74 obj/transaction_builder.o
                0xc0d03cac                encode_timestamp
 .text.encode_expiration
                0xc0d03d20       0x88 obj/transaction_builder.o
                0xc0d03d20                encode_expiration
 .text.encode_operation
                0xc0d03da8       0x6c obj/transaction_builder.o
                0xc0d03da8                encode_operation
 .text.encode_validate_type
                0xc0d03e14       0x58 obj/transaction_builder.o
                0xc0d03e14                encode_validate_type
 .text.encode_dapp
                0xc0d03e6c       0x6c obj/transaction_builder.o
                0xc0d03e6c                encode_dapp
 .text.encode_proposal_transaction_id
                0xc0d03ed8       0x7c obj/transaction_builder.o
                0xc0d03ed8                encode_proposal_transaction_id
 .text.build_transaction
                0xc0d03f54       0x78 obj/transaction_builder.o
                0xc0d03f54                build_transaction
 .text.u2f_apdu_sign
                0xc0d03fcc      0x104 obj/u2f_impl.o
                0xc0d03fcc                u2f_apdu_sign
 .text.u2f_handle_cmd_init
                0xc0d040d0       0xa0 obj/u2f_impl.o
                0xc0d040d0                u2f_handle_cmd_init
 .text.u2f_handle_cmd_msg
                0xc0d04170       0xbc obj/u2f_impl.o
                0xc0d04170                u2f_handle_cmd_msg
 .text.u2f_message_complete
                0xc0d0422c       0x3a obj/u2f_impl.o
                0xc0d0422c                u2f_message_complete
 *fill*         0xc0d04266        0x2 00
 .text.u2f_io_send
                0xc0d04268       0x34 obj/u2f_io.o
                0xc0d04268                u2f_io_send
 .text.u2f_transport_init
                0xc0d0429c       0x1a obj/u2f_transport.o
                0xc0d0429c                u2f_transport_init
 *fill*         0xc0d042b6        0x2 00
 .text.u2f_transport_sent
                0xc0d042b8      0x120 obj/u2f_transport.o
                0xc0d042b8                u2f_transport_sent
 .text.u2f_message_repliable
                0xc0d043d8       0x30 obj/u2f_transport.o
                0xc0d043d8                u2f_message_repliable
 .text.u2f_transport_send_usb_user_presence_required
                0xc0d04408       0x3c obj/u2f_transport.o
                0xc0d04408                u2f_transport_send_usb_user_presence_required
 .text.u2f_transport_send_wink
                0xc0d04444       0x30 obj/u2f_transport.o
                0xc0d04444                u2f_transport_send_wink
 .text.u2f_transport_receive_fakeChannel
                0xc0d04474      0x114 obj/u2f_transport.o
                0xc0d04474                u2f_transport_receive_fakeChannel
 .text.u2f_transport_received
                0xc0d04588      0x3c8 obj/u2f_transport.o
                0xc0d04588                u2f_transport_received
 .text.u2f_is_channel_broadcast
                0xc0d04950       0x20 obj/u2f_transport.o
                0xc0d04950                u2f_is_channel_broadcast
 .text.u2f_message_set_autoreply_wait_user_presence
                0xc0d04970       0x26 obj/u2f_transport.o
                0xc0d04970                u2f_message_set_autoreply_wait_user_presence
 *fill*         0xc0d04996        0x2 00
 .text.u2f_message_reply
                0xc0d04998       0x68 obj/u2f_transport.o
                0xc0d04998                u2f_message_reply
 .text.show     0xc0d04a00      0x8d4 obj/ui.o
                0xc0d04a00                show
 .text.ui_choose_account_zero_nanos_button
                0xc0d052d4       0x68 obj/ui_account.o
                0xc0d052d4                ui_choose_account_zero_nanos_button
 .text.ui_choose_account_nanos_button
                0xc0d0533c       0x68 obj/ui_account.o
                0xc0d0533c                ui_choose_account_nanos_button
 .text.ui_create_account_nanos_button
                0xc0d053a4       0x84 obj/ui_account.o
                0xc0d053a4                ui_create_account_nanos_button
 .text.ui_account_back_nanos_button
                0xc0d05428       0x24 obj/ui_account.o
                0xc0d05428                ui_account_back_nanos_button
 .text.ui_confirm_account_nanos_button
                0xc0d0544c       0x60 obj/ui_account.o
                0xc0d0544c                ui_confirm_account_nanos_button
 .text.ui_main_nanos_button
                0xc0d054ac       0x18 obj/ui_main.o
                0xc0d054ac                ui_main_nanos_button
 .text.ui_main_nanos_prepro
                0xc0d054c4       0x34 obj/ui_main.o
                0xc0d054c4                ui_main_nanos_prepro
 .text.ui_main_choose_account_nanos_button
                0xc0d054f8       0x34 obj/ui_main.o
                0xc0d054f8                ui_main_choose_account_nanos_button
 .text.ui_main_create_account_nanos_button
                0xc0d0552c       0x34 obj/ui_main.o
                0xc0d0552c                ui_main_create_account_nanos_button
 .text.ui_main_exit_nanos_button
                0xc0d05560       0x28 obj/ui_main.o
                0xc0d05560                ui_main_exit_nanos_button
 .text.clean_tx
                0xc0d05588       0x1c obj/ui_sign_transaction.o
                0xc0d05588                clean_tx
 .text.display_tx_pre_part
                0xc0d055a4       0x58 obj/ui_sign_transaction.o
                0xc0d055a4                display_tx_pre_part
 .text.display_tx_part
                0xc0d055fc       0xa0 obj/ui_sign_transaction.o
                0xc0d055fc                display_tx_part
 .text.ui_sign_tx_nanos_button
                0xc0d0569c       0x28 obj/ui_sign_transaction.o
                0xc0d0569c                ui_sign_tx_nanos_button
 .text.format_signature_out
                0xc0d056c4       0x6c obj/ui_sign_transaction.o
                0xc0d056c4                format_signature_out
 .text.io_seproxyhal_touch_approve_tx
                0xc0d05730       0xb0 obj/ui_sign_transaction.o
                0xc0d05730                io_seproxyhal_touch_approve_tx
 .text.ui_approval_tx_nanos_button
                0xc0d057e0       0x28 obj/ui_sign_transaction.o
                0xc0d057e0                ui_approval_tx_nanos_button
 .text.ui_sign_tx_nanos_prepro
                0xc0d05808       0x34 obj/ui_sign_transaction.o
                0xc0d05808                ui_sign_tx_nanos_prepro
 .text.clear128
                0xc0d0583c        0xc obj/uint256.o
                0xc0d0583c                clear128
 .text.clear256
                0xc0d05848        0xa obj/uint256.o
                0xc0d05848                clear256
 .text.add128   0xc0d05852       0x60 obj/uint256.o
                0xc0d05852                add128
 *fill*         0xc0d058b2        0x2 00
 .text.mul128   0xc0d058b4      0x220 obj/uint256.o
                0xc0d058b4                mul128
 .text.USBD_LL_Init
                0xc0d05ad4       0x14 obj/usbd_conf.o
                0xc0d05ad4                USBD_LL_Init
 .text.USBD_LL_DeInit
                0xc0d05ae8       0x24 obj/usbd_conf.o
                0xc0d05ae8                USBD_LL_DeInit
 .text.USBD_LL_Start
                0xc0d05b0c       0x38 obj/usbd_conf.o
                0xc0d05b0c                USBD_LL_Start
 .text.USBD_LL_Stop
                0xc0d05b44       0x22 obj/usbd_conf.o
                0xc0d05b44                USBD_LL_Stop
 *fill*         0xc0d05b66        0x2 00
 .text.USBD_LL_OpenEP
                0xc0d05b68       0x4c obj/usbd_conf.o
                0xc0d05b68                USBD_LL_OpenEP
 .text.USBD_LL_CloseEP
                0xc0d05bb4       0x2c obj/usbd_conf.o
                0xc0d05bb4                USBD_LL_CloseEP
 .text.USBD_LL_StallEP
                0xc0d05be0       0x4c obj/usbd_conf.o
                0xc0d05be0                USBD_LL_StallEP
 .text.USBD_LL_ClearStallEP
                0xc0d05c2c       0x48 obj/usbd_conf.o
                0xc0d05c2c                USBD_LL_ClearStallEP
 .text.USBD_LL_IsStallEP
                0xc0d05c74       0x24 obj/usbd_conf.o
                0xc0d05c74                USBD_LL_IsStallEP
 .text.USBD_LL_SetUSBAddress
                0xc0d05c98       0x24 obj/usbd_conf.o
                0xc0d05c98                USBD_LL_SetUSBAddress
 .text.USBD_LL_Transmit
                0xc0d05cbc       0x32 obj/usbd_conf.o
                0xc0d05cbc                USBD_LL_Transmit
 .text.USBD_LL_PrepareReceive
                0xc0d05cee       0x26 obj/usbd_conf.o
                0xc0d05cee                USBD_LL_PrepareReceive
 .text.USBD_Init
                0xc0d05d14       0x32 obj/usbd_core.o
                0xc0d05d14                USBD_Init
 .text.USBD_DeInit
                0xc0d05d46       0x42 obj/usbd_core.o
                0xc0d05d46                USBD_DeInit
 .text.USBD_RegisterClassForInterface
                0xc0d05d88       0x18 obj/usbd_core.o
                0xc0d05d88                USBD_RegisterClassForInterface
 .text.USBD_Start
                0xc0d05da0        0xa obj/usbd_core.o
                0xc0d05da0                USBD_Start
 .text.USBD_SetClassConfig
                0xc0d05daa       0x34 obj/usbd_core.o
                0xc0d05daa                USBD_SetClassConfig
 .text.USBD_ClrClassConfig
                0xc0d05dde       0x34 obj/usbd_core.o
                0xc0d05dde                USBD_ClrClassConfig
 .text.USBD_LL_SetupStage
                0xc0d05e12       0x5c obj/usbd_core.o
                0xc0d05e12                USBD_LL_SetupStage
 .text.USBD_LL_DataOutStage
                0xc0d05e6e       0xb2 obj/usbd_core.o
                0xc0d05e6e                USBD_LL_DataOutStage
 .text.USBD_LL_DataInStage
                0xc0d05f20       0xea obj/usbd_core.o
                0xc0d05f20                USBD_LL_DataInStage
 .text.USBD_LL_Reset
                0xc0d0600a       0x3e obj/usbd_core.o
                0xc0d0600a                USBD_LL_Reset
 .text.USBD_LL_SetSpeed
                0xc0d06048        0x6 obj/usbd_core.o
                0xc0d06048                USBD_LL_SetSpeed
 .text.USBD_LL_Suspend
                0xc0d0604e        0x4 obj/usbd_core.o
                0xc0d0604e                USBD_LL_Suspend
 .text.USBD_LL_Resume
                0xc0d06052        0x4 obj/usbd_core.o
                0xc0d06052                USBD_LL_Resume
 .text.USBD_LL_SOF
                0xc0d06056       0x3c obj/usbd_core.o
                0xc0d06056                USBD_LL_SOF
 .text.usbd_is_valid_intf
                0xc0d06092       0x1a obj/usbd_ctlreq.o
                0xc0d06092                usbd_is_valid_intf
 .text.USBD_StdDevReq
                0xc0d060ac       0x5a obj/usbd_ctlreq.o
                0xc0d060ac                USBD_StdDevReq
 .text.USBD_GetDescriptor
                0xc0d06106      0x10c obj/usbd_ctlreq.o
                0xc0d06106                USBD_GetDescriptor
 .text.USBD_SetAddress
                0xc0d06212       0x4a obj/usbd_ctlreq.o
                0xc0d06212                USBD_SetAddress
 .text.USBD_SetConfig
                0xc0d0625c       0x6e obj/usbd_ctlreq.o
                0xc0d0625c                USBD_SetConfig
 .text.USBD_GetConfig
                0xc0d062ca       0x2e obj/usbd_ctlreq.o
                0xc0d062ca                USBD_GetConfig
 .text.USBD_GetStatus
                0xc0d062f8       0x44 obj/usbd_ctlreq.o
                0xc0d062f8                USBD_GetStatus
 .text.USBD_SetFeature
                0xc0d0633c       0x3a obj/usbd_ctlreq.o
                0xc0d0633c                USBD_SetFeature
 .text.USBD_ClrFeature
                0xc0d06376       0x50 obj/usbd_ctlreq.o
                0xc0d06376                USBD_ClrFeature
 .text.USBD_StdItfReq
                0xc0d063c6       0x48 obj/usbd_ctlreq.o
                0xc0d063c6                USBD_StdItfReq
 .text.USBD_StdEPReq
                0xc0d0640e      0x112 obj/usbd_ctlreq.o
                0xc0d0640e                USBD_StdEPReq
 .text.USBD_ParseSetupRequest
                0xc0d06520       0x28 obj/usbd_ctlreq.o
                0xc0d06520                USBD_ParseSetupRequest
 .text.USBD_CtlStall
                0xc0d06548       0x14 obj/usbd_ctlreq.o
                0xc0d06548                USBD_CtlStall
 .text.USBD_HID_Setup
                0xc0d0655c       0x98 obj/usbd_hid.o
                0xc0d0655c                USBD_HID_Setup
 .text.USBD_HID_Init
                0xc0d065f4       0x32 obj/usbd_hid.o
                0xc0d065f4                USBD_HID_Init
 .text.USBD_HID_DeInit
                0xc0d06626       0x16 obj/usbd_hid.o
                0xc0d06626                USBD_HID_DeInit
 .text.USBD_HID_GetHidDescriptor_impl
                0xc0d0663c       0x34 obj/usbd_impl.o
                0xc0d0663c                USBD_HID_GetHidDescriptor_impl
 .text.USBD_HID_GetReportDescriptor_impl
                0xc0d06670       0x64 obj/usbd_impl.o
                0xc0d06670                USBD_HID_GetReportDescriptor_impl
 .text.USBD_U2F_Init
                0xc0d066d4       0x32 obj/usbd_impl.o
                0xc0d066d4                USBD_U2F_Init
 *fill*         0xc0d06706        0x2 00
 .text.USBD_U2F_DataIn_impl
                0xc0d06708       0x18 obj/usbd_impl.o
                0xc0d06708                USBD_U2F_DataIn_impl
 .text.USBD_U2F_DataOut_impl
                0xc0d06720       0x2c obj/usbd_impl.o
                0xc0d06720                USBD_U2F_DataOut_impl
 .text.USBD_HID_DataIn_impl
                0xc0d0674c       0x18 obj/usbd_impl.o
                0xc0d0674c                USBD_HID_DataIn_impl
 .text.USBD_HID_DataOut_impl
                0xc0d06764       0x4c obj/usbd_impl.o
                0xc0d06764                USBD_HID_DataOut_impl
 .text.USBD_WEBUSB_Init
                0xc0d067b0       0x2c obj/usbd_impl.o
                0xc0d067b0                USBD_WEBUSB_Init
 .text.USBD_WEBUSB_DeInit
                0xc0d067dc        0x4 obj/usbd_impl.o
                0xc0d067dc                USBD_WEBUSB_DeInit
 .text.USBD_WEBUSB_Setup
                0xc0d067e0        0x4 obj/usbd_impl.o
                0xc0d067e0                USBD_WEBUSB_Setup
 .text.USBD_WEBUSB_DataIn
                0xc0d067e4       0x18 obj/usbd_impl.o
                0xc0d067e4                USBD_WEBUSB_DataIn
 .text.USBD_WEBUSB_DataOut
                0xc0d067fc       0x4c obj/usbd_impl.o
                0xc0d067fc                USBD_WEBUSB_DataOut
 .text.USBD_DeviceDescriptor
                0xc0d06848       0x10 obj/usbd_impl.o
 .text.USBD_LangIDStrDescriptor
                0xc0d06858       0x10 obj/usbd_impl.o
 .text.USBD_ManufacturerStrDescriptor
                0xc0d06868       0x10 obj/usbd_impl.o
 .text.USBD_ProductStrDescriptor
                0xc0d06878       0x10 obj/usbd_impl.o
 .text.USBD_SerialStrDescriptor
                0xc0d06888       0x10 obj/usbd_impl.o
 .text.USBD_ConfigStrDescriptor
                0xc0d06898       0x10 obj/usbd_impl.o
 .text.USBD_InterfaceStrDescriptor
                0xc0d068a8       0x10 obj/usbd_impl.o
 .text.USBD_BOSDescriptor
                0xc0d068b8       0x10 obj/usbd_impl.o
 .text.USBD_CtlError
                0xc0d068c8       0x98 obj/usbd_impl.o
                0xc0d068c8                USBD_CtlError
 .text.USB_power
                0xc0d06960       0xb4 obj/usbd_impl.o
                0xc0d06960                USB_power
 .text.USBD_GetCfgDesc_impl
                0xc0d06a14       0x10 obj/usbd_impl.o
 .text.USBD_GetDeviceQualifierDesc_impl
                0xc0d06a24       0x10 obj/usbd_impl.o
 .text.USBD_CtlSendData
                0xc0d06a34       0x2a obj/usbd_ioreq.o
                0xc0d06a34                USBD_CtlSendData
 .text.USBD_CtlContinueSendData
                0xc0d06a5e       0x1c obj/usbd_ioreq.o
                0xc0d06a5e                USBD_CtlContinueSendData
 .text.USBD_CtlContinueRx
                0xc0d06a7a        0xe obj/usbd_ioreq.o
                0xc0d06a7a                USBD_CtlContinueRx
 .text.USBD_CtlSendStatus
                0xc0d06a88       0x18 obj/usbd_ioreq.o
                0xc0d06a88                USBD_CtlSendStatus
 .text.USBD_CtlReceiveStatus
                0xc0d06aa0       0x16 obj/usbd_ioreq.o
                0xc0d06aa0                USBD_CtlReceiveStatus
 *fill*         0xc0d06ab6        0x2 00
 .text.ux_stack_push
                0xc0d06ab8       0x28 obj/ux_stack.o
                0xc0d06ab8                ux_stack_push
 .text          0xc0d06ae0      0x114 /ledger/linux/gcc-arm-none-eabi-5_3-2016q1/bin/../lib/gcc/arm-none-eabi/5.3.1/armv6-m/libgcc.a(_udivsi3.o)
                0xc0d06ae0                __udivsi3
                0xc0d06ae0                __aeabi_uidiv
                0xc0d06bec                __aeabi_uidivmod
 .text          0xc0d06bf4      0x1d4 /ledger/linux/gcc-arm-none-eabi-5_3-2016q1/bin/../lib/gcc/arm-none-eabi/5.3.1/armv6-m/libgcc.a(_divsi3.o)
                0xc0d06bf4                __aeabi_idiv
                0xc0d06bf4                __divsi3
                0xc0d06dc0                __aeabi_idivmod
 .text          0xc0d06dc8        0x4 /ledger/linux/gcc-arm-none-eabi-5_3-2016q1/bin/../lib/gcc/arm-none-eabi/5.3.1/armv6-m/libgcc.a(_dvmd_tls.o)
                0xc0d06dc8                __aeabi_ldiv0
                0xc0d06dc8                __aeabi_idiv0
 .text          0xc0d06dcc       0x58 /ledger/linux/gcc-arm-none-eabi-5_3-2016q1/bin/../lib/gcc/arm-none-eabi/5.3.1/armv6-m/libgcc.a(_muldi3.o)
                0xc0d06dcc                __aeabi_lmul
                0xc0d06dcc                __muldi3
 .text.__aeabi_memclr
                0xc0d06e24        0xc /ledger/linux/gcc-arm-none-eabi-5_3-2016q1/bin/../lib/gcc/arm-none-eabi/5.3.1/../../../../arm-none-eabi/lib/armv6-m/libc.a(lib_a-aeabi_memclr.o)
                0xc0d06e24                __aeabi_memclr8
                0xc0d06e24                __aeabi_memclr
                0xc0d06e24                __aeabi_memclr4
 .text.__aeabi_memmove
                0xc0d06e30        0x8 /ledger/linux/gcc-arm-none-eabi-5_3-2016q1/bin/../lib/gcc/arm-none-eabi/5.3.1/../../../../arm-none-eabi/lib/armv6-m/libc.a(lib_a-aeabi_memmove.o)
                0xc0d06e30                __aeabi_memmove8
                0xc0d06e30                __aeabi_memmove
                0xc0d06e30                __aeabi_memmove4
 .text.__aeabi_memset
                0xc0d06e38       0x10 /ledger/linux/gcc-arm-none-eabi-5_3-2016q1/bin/../lib/gcc/arm-none-eabi/5.3.1/../../../../arm-none-eabi/lib/armv6-m/libc.a(lib_a-aeabi_memset.o)
                0xc0d06e38                __aeabi_memset
                0xc0d06e38                __aeabi_memset8
                0xc0d06e38                __aeabi_memset4
 .text.memmove  0xc0d06e48       0x98 /ledger/linux/gcc-arm-none-eabi-5_3-2016q1/bin/../lib/gcc/arm-none-eabi/5.3.1/../../../../arm-none-eabi/lib/armv6-m/libc.a(lib_a-memmove.o)
                0xc0d06e48                memmove
 .text.memset   0xc0d06ee0       0x8c /ledger/linux/gcc-arm-none-eabi-5_3-2016q1/bin/../lib/gcc/arm-none-eabi/5.3.1/../../../../arm-none-eabi/lib/armv6-m/libc.a(lib_a-memset.o)
                0xc0d06ee0                memset
 .text          0xc0d06f6c       0x34 /ledger/linux/gcc-arm-none-eabi-5_3-2016q1/bin/../lib/gcc/arm-none-eabi/5.3.1/../../../../arm-none-eabi/lib/armv6-m/libc.a(lib_a-setjmp.o)
                0xc0d06f6c                setjmp
                0xc0d06f84                longjmp
 .text.strlen   0xc0d06fa0       0x68 /ledger/linux/gcc-arm-none-eabi-5_3-2016q1/bin/../lib/gcc/arm-none-eabi/5.3.1/../../../../arm-none-eabi/lib/armv6-m/libc.a(lib_a-strlen-stub.o)
                0xc0d06fa0                strlen
 .text.strncmp  0xc0d07008       0x98 /ledger/linux/gcc-arm-none-eabi-5_3-2016q1/bin/../lib/gcc/arm-none-eabi/5.3.1/../../../../arm-none-eabi/lib/armv6-m/libc.a(lib_a-strncmp.o)
                0xc0d07008                strncmp
 *(.rodata)
 *(.rodata.[^N]*)
 .rodata.BASE58ALPHABET
                0xc0d070a0       0x3a obj/btchip_base58.o
                0xc0d070a0                BASE58ALPHABET
 .rodata.str1.1
                0xc0d070da        0x5 obj/main.o
 *fill*         0xc0d070df        0x1 00
 .rodata.C_chain_config
                0xc0d070e0        0xc obj/main.o
                0xc0d070e0                C_chain_config
 .rodata.str1.1
                0xc0d070ec       0x77 obj/operation.o
                                 0x7b (size before relaxing)
 .rodata.SW_INTERNAL
                0xc0d07163        0x2 obj/u2f_impl.o
 .rodata.SW_BUSY
                0xc0d07165        0x2 obj/u2f_impl.o
 .rodata.SW_WRONG_LENGTH
                0xc0d07167        0x2 obj/u2f_impl.o
 .rodata.SW_PROOF_OF_PRESENCE_REQUIRED
                0xc0d07169        0x2 obj/u2f_impl.o
 .rodata.SW_BAD_KEY_HANDLE
                0xc0d0716b        0x2 obj/u2f_impl.o
 .rodata.U2F_VERSION
                0xc0d0716d        0x8 obj/u2f_impl.o
 .rodata.INFO   0xc0d07175        0x4 obj/u2f_impl.o
 .rodata.SW_UNKNOWN_CLASS
                0xc0d07179        0x2 obj/u2f_impl.o
 .rodata.SW_UNKNOWN_INSTRUCTION
                0xc0d0717b        0x2 obj/u2f_impl.o
 .rodata.BROADCAST_CHANNEL
                0xc0d0717d        0x4 obj/u2f_transport.o
 .rodata.FORBIDDEN_CHANNEL
                0xc0d07181        0x4 obj/u2f_transport.o
 *fill*         0xc0d07185        0x3 00
 .rodata.ui_main_nanos
                0xc0d07188       0x80 obj/ui.o
 .rodata.ui_main_choose_account_nanos
                0xc0d07208       0xa0 obj/ui.o
 .rodata.ui_main_create_account_nanos
                0xc0d072a8       0xa0 obj/ui.o
 .rodata.ui_choose_account_zero_nanos
                0xc0d07348       0x80 obj/ui.o
 .rodata.ui_choose_account_nanos
                0xc0d073c8       0xa0 obj/ui.o
 .rodata.ui_create_account_nanos
                0xc0d07468       0xa0 obj/ui.o
 .rodata.ui_account_back_nanos
                0xc0d07508       0x80 obj/ui.o
 .rodata.ui_confirm_account_nanos
                0xc0d07588       0xa0 obj/ui.o
 .rodata.ui_main_exit_nanos
                0xc0d07628       0x80 obj/ui.o
 .rodata.ui_sign_tx_nanos
                0xc0d076a8       0xa0 obj/ui.o
 .rodata.ui_approval_tx_nanos
                0xc0d07748       0x80 obj/ui.o
 .rodata.str1.1
                0xc0d077c8       0x7d obj/ui.o
 *fill*         0xc0d07845        0x3 00
 .rodata.USBD_HID_Desc_fido
                0xc0d07848        0x9 obj/usbd_impl.o
                0xc0d07848                USBD_HID_Desc_fido
 *fill*         0xc0d07851        0x3 00
 .rodata.USBD_HID_Desc
                0xc0d07854        0x9 obj/usbd_impl.o
                0xc0d07854                USBD_HID_Desc
 .rodata.HID_ReportDesc_fido
                0xc0d0785d       0x22 obj/usbd_impl.o
 .rodata.HID_ReportDesc
                0xc0d0787f       0x22 obj/usbd_impl.o
 .rodata.C_usb_bos
                0xc0d078a1       0x39 obj/usbd_impl.o
                0xc0d078a1                C_usb_bos
 *fill*         0xc0d078da        0x2 00
 .rodata.HID_Desc
                0xc0d078dc       0x20 obj/usbd_impl.o
                0xc0d078dc                HID_Desc
 .rodata.C_winusb_string_descriptor
                0xc0d078fc       0x12 obj/usbd_impl.o
 .rodata.C_winusb_wcid
                0xc0d0790e       0x28 obj/usbd_impl.o
 .rodata.C_winusb_guid
                0xc0d07936       0x92 obj/usbd_impl.o
 .rodata.C_winusb_request_descriptor
                0xc0d079c8       0xb2 obj/usbd_impl.o
 *fill*         0xc0d07a7a        0x2 00
 .rodata.USBD_HID
                0xc0d07a7c       0x38 obj/usbd_impl.o
 .rodata.USBD_U2F
                0xc0d07ab4       0x38 obj/usbd_impl.o
 .rodata.USBD_WEBUSB
                0xc0d07aec       0x38 obj/usbd_impl.o
 .rodata.USBD_DeviceDesc
                0xc0d07b24       0x12 obj/usbd_impl.o
 .rodata.USBD_LangIDDesc
                0xc0d07b36        0x4 obj/usbd_impl.o
 .rodata.USBD_MANUFACTURER_STRING
                0xc0d07b3a        0xe obj/usbd_impl.o
 .rodata.USBD_PRODUCT_FS_STRING
                0xc0d07b48        0xe obj/usbd_impl.o
 .rodata.USB_SERIAL_STRING
                0xc0d07b56        0xa obj/usbd_impl.o
 .rodata.USBD_CfgDesc
                0xc0d07b60       0x60 obj/usbd_impl.o
 .rodata.USBD_DeviceQualifierDesc
                0xc0d07bc0        0xa obj/usbd_impl.o
 *(.rodata.N[^_]*)
                0xc0d07bcc                . = ALIGN (0x4)
 *fill*         0xc0d07bca        0x2 00
                0xc0d07bcc                _etext = .
                0xc0d07c00                . = ALIGN (PAGE_SIZE)
 *fill*         0xc0d07bcc       0x34 00
                0xc0d07c00                _nvram_data = .
 *(.bss.N_* .rodata.N_*)
 .rodata.N_storage_real
                0xc0d07c00        0x8 obj/main.o
                0xc0d07c00                N_storage_real
                0xc0d07c40                . = ALIGN (PAGE_SIZE)
 *fill*         0xc0d07c08       0x38 00
                0xc0d07c40                _envram_data = .
                0xc0d07c40                _install_parameters = .
                0xc0d07c40                _envram = .

.glue_7         0xc0d07c40        0x0
 .glue_7        0xc0d07c40        0x0 linker stubs

.glue_7t        0xc0d07c40        0x0
 .glue_7t       0xc0d07c40        0x0 linker stubs

.vfp11_veneer   0xc0d07c40        0x0
 .vfp11_veneer  0xc0d07c40        0x0 linker stubs

.v4_bx          0xc0d07c40        0x0
 .v4_bx         0xc0d07c40        0x0 linker stubs

.iplt           0xc0d07c40        0x0
 .iplt          0xc0d07c40        0x0 obj/apdu_constants.o

.data           0xd0000000        0x0
                0xd0000000                . = ALIGN (0x4)
                0xd0000000                _data = .
 *(vtable)
 *(.data*)
                0xd0000000                _edata = .

.igot.plt       0xd0000000        0x0
 .igot.plt      0xd0000000        0x0 obj/apdu_constants.o

.bss            0x20001800      0xe10
                0x20001800                _bss = .
 *(.bss*)
 .bss.all_data  0x20001800      0x358 obj/apdu_constants.o
                0x20001800                all_data
 .bss.ui_address
                0x20001b58       0x26 obj/apdu_constants.o
                0x20001b58                ui_address
 .bss.ui_sign_message
                0x20001b7e       0x80 obj/apdu_constants.o
                0x20001b7e                ui_sign_message
 *fill*         0x20001bfe        0x2 00
 .bss.key_path  0x20001c00       0x14 obj/business.o
                0x20001c00                key_path
 .bss.private_component
                0x20001c14       0x20 obj/business.o
                0x20001c14                private_component
 .bss.private_key
                0x20001c34       0x28 obj/business.o
                0x20001c34                private_key
 .bss.public_key
                0x20001c5c       0x4c obj/business.o
                0x20001c5c                public_key
 .bss.hash_tainted
                0x20001ca8        0x1 obj/business.o
                0x20001ca8                hash_tainted
 *fill*         0x20001ca9        0x3 00
 .bss.hash      0x20001cac       0x6c obj/business.o
                0x20001cac                hash
 .bss.confirm_account
                0x20001d18        0x4 obj/business.o
                0x20001d18                confirm_account
 .bss.sign_tx   0x20001d1c        0x4 obj/business.o
                0x20001d1c                sign_tx
 .bss.selected_account
                0x20001d20        0x4 obj/business.o
                0x20001d20                selected_account
 .bss.u         0x20001d24       0xcc obj/business.o
                0x20001d24                u
 .bss.G_io_seproxyhal_spi_buffer
                0x20001df0       0x80 obj/main.o
                0x20001df0                G_io_seproxyhal_spi_buffer
 .bss.ux        0x20001e70       0xfc obj/main.o
                0x20001e70                ux
 .bss.chainConfig
                0x20001f6c        0x4 obj/main.o
                0x20001f6c                chainConfig
 .bss.uint128_t_cache1
                0x20001f70       0x10 obj/operation.o
                0x20001f70                uint128_t_cache1
 .bss.uint128_t_cache2
                0x20001f80       0x10 obj/operation.o
                0x20001f80                uint128_t_cache2
 .bss.uint128_t_cache3
                0x20001f90       0x10 obj/operation.o
                0x20001f90                uint128_t_cache3
 .bss.find_value_length
                0x20001fa0        0x4 obj/operation.o
                0x20001fa0                find_value_length
 .bss.find_i    0x20001fa4        0x4 obj/operation.o
                0x20001fa4                find_i
 .bss.internal_structure
                0x20001fa8        0x1 obj/operation.o
                0x20001fa8                internal_structure
 .bss.internal_structure_type_1
                0x20001fa9        0x1 obj/operation.o
                0x20001fa9                internal_structure_type_1
 .bss.internal_structure_type_2
                0x20001faa        0x1 obj/operation.o
                0x20001faa                internal_structure_type_2
 *fill*         0x20001fab        0x1 00
 .bss.find_info_delimiter
                0x20001fac        0x4 obj/operation.o
                0x20001fac                find_info_delimiter
 .bss.find_info_start
                0x20001fb0        0x4 obj/operation.o
                0x20001fb0                find_info_start
 .bss.proposed_ops_array_size
                0x20001fb4        0x4 obj/operation.o
                0x20001fb4                proposed_ops_array_size
 .bss.cache     0x20001fb8        0x4 obj/operation.o
 .bss.G_io_apdu_buffer
                0x20001fbc      0x151 obj/os.o
                0x20001fbc                G_io_apdu_buffer
 *fill*         0x2000210d        0x3 00
 .bss.G_io_app  0x20002110       0x18 obj/os_io_seproxyhal.o
                0x20002110                G_io_app
 .bss.G_ux_os   0x20002128        0x8 obj/os_io_seproxyhal.o
                0x20002128                G_ux_os
 .bss.G_io_u2f  0x20002130       0x44 obj/os_io_seproxyhal.o
                0x20002130                G_io_u2f
 .bss.G_io_usb_ep_buffer
                0x20002174       0x40 obj/os_io_seproxyhal.o
                0x20002174                G_io_usb_ep_buffer
 .bss.G_io_usb_hid_sequence_number
                0x200021b4        0x4 obj/os_io_usb.o
                0x200021b4                G_io_usb_hid_sequence_number
 .bss.G_io_usb_hid_total_length
                0x200021b8        0x4 obj/os_io_usb.o
                0x200021b8                G_io_usb_hid_total_length
 .bss.G_io_usb_hid_remaining_length
                0x200021bc        0x4 obj/os_io_usb.o
                0x200021bc                G_io_usb_hid_remaining_length
 .bss.G_io_usb_hid_current_buffer
                0x200021c0        0x4 obj/os_io_usb.o
                0x200021c0                G_io_usb_hid_current_buffer
 .bss.G_io_usb_hid_channel
                0x200021c4        0x4 obj/os_io_usb.o
                0x200021c4                G_io_usb_hid_channel
 .bss.chain_id  0x200021c8       0x20 obj/transaction_builder.o
                0x200021c8                chain_id
 .bss.cache     0x200021e8        0x4 obj/transaction_builder.o
 .bss.encode_p  0x200021ec        0x4 obj/transaction_builder.o
                0x200021ec                encode_p
 .bss.timestamp
                0x200021f0        0x4 obj/transaction_builder.o
                0x200021f0                timestamp
 .bss.expiration
                0x200021f4        0x4 obj/transaction_builder.o
                0x200021f4                expiration
 .bss.encode    0x200021f8        0x4 obj/transaction_builder.o
 .bss.ui_state_now
                0x200021fc        0x1 obj/ui.o
                0x200021fc                ui_state_now
 *fill*         0x200021fd        0x3 00
 .bss.tx        0x20002200       0x2c obj/ui_sign_transaction.o
                0x20002200                tx
 .bss.current_text_pos
                0x2000222c        0x4 obj/ui_sign_transaction.o
                0x2000222c                current_text_pos
 .bss.top       0x20002230       0x20 obj/uint256.o
                0x20002230                top
 .bss.bottom    0x20002250       0x20 obj/uint256.o
                0x20002250                bottom
 .bss.products  0x20002270       0x80 obj/uint256.o
                0x20002270                products
 .bss.tmp       0x200022f0       0x10 obj/uint256.o
                0x200022f0                tmp
 .bss.tmp2      0x20002300       0x10 obj/uint256.o
                0x20002300                tmp2
 .bss.fourth32  0x20002310        0x8 obj/uint256.o
                0x20002310                fourth32
 .bss.third32   0x20002318        0x8 obj/uint256.o
                0x20002318                third32
 .bss.second32  0x20002320        0x8 obj/uint256.o
                0x20002320                second32
 .bss.first32   0x20002328        0x8 obj/uint256.o
                0x20002328                first32
 .bss.ep_in_stall
                0x20002330        0x4 obj/usbd_conf.o
                0x20002330                ep_in_stall
 .bss.ep_out_stall
                0x20002334        0x4 obj/usbd_conf.o
                0x20002334                ep_out_stall
 .bss.USBD_Device
                0x20002338       0xd4 obj/usbd_core.o
                0x20002338                USBD_Device
                0x2000240c                _ebss = .
                0x2000240c                . = ALIGN (0x4)
                0x2000240c                app_stack_canary = .
                [!provide]                PROVIDE (app_stack_canary, .)
                0x20002410                . = (. + 0x4)
 *fill*         0x2000240c        0x4 00
                0x20002410                _stack_validation = .
                0x20002610                . = (_stack_validation + STACK_SIZE)
 *fill*         0x20002410      0x200 00
                0x20002600                _stack = (ABSOLUTE (END_STACK) - STACK_SIZE)
                [!provide]                PROVIDE (_stack, (ABSOLUTE (END_STACK) - STACK_SIZE))
                0x20002800                _estack = ABSOLUTE (END_STACK)
                [!provide]                PROVIDE (_estack, ABSOLUTE (END_STACK))

DEBUG           0xd0000000        0x8
 libc.a(*)
 libm.a(*)
 libgcc.a(*)
 *(.ARM.exidx* .gnu.linkonce.armexidx.*)
 .ARM.exidx.text.btchip_encode_base58
                0xd0000000        0x0 obj/btchip_base58.o
                                  0x8 (size before relaxing)
 .ARM.exidx.text.get_address
                0xd0000000        0x0 obj/business.o
                                  0x8 (size before relaxing)
 .ARM.exidx.text.public_key_hash160
                0xd0000000        0x0 obj/business.o
                                  0x8 (size before relaxing)
 .ARM.exidx.text.set_key
                0xd0000000        0x0 obj/business.o
                                  0x8 (size before relaxing)
 .ARM.exidx.text.init_key
                0xd0000000        0x0 obj/business.o
                                  0x8 (size before relaxing)
 .ARM.exidx.text.handle_business
                0xd0000000        0x0 obj/business.o
                                  0x8 (size before relaxing)
 .ARM.exidx.text.io_seproxyhal_touch_deny
                0xd0000000        0x0 obj/business.o
                                  0x8 (size before relaxing)
 .ARM.exidx.text.cx_hash_X
                0xd0000000        0x0 obj/cx_compliance_141.o
                                  0x8 (size before relaxing)
 .ARM.exidx.text.cx_ecfp_get_domain_length
                0xd0000000        0x0 obj/cx_compliance_141.o
                                  0x8 (size before relaxing)
 .ARM.exidx.text.cx_ecdsa_sign_X
                0xd0000000        0x0 obj/cx_compliance_141.o
                                  0x8 (size before relaxing)
 .ARM.exidx.text.app_exit
                0xd0000000        0x0 obj/main.o
                                  0x8 (size before relaxing)
 .ARM.exidx.text.io_seproxyhal_display
                0xd0000000        0x0 obj/main.o
                                  0x8 (size before relaxing)
 .ARM.exidx.text.io_exchange_al
                0xd0000000        0x0 obj/main.o
                                  0x8 (size before relaxing)
 .ARM.exidx.text.io_event
                0xd0000000        0x0 obj/main.o
                                  0x8 (size before relaxing)
 .ARM.exidx.boot
                0xd0000000        0x8 obj/main.o
 .ARM.exidx.text.find_data_processor
                0xd0000008        0x0 obj/operation.o
                                  0x8 (size before relaxing)
 .ARM.exidx.text.read_message
                0xd0000008        0x0 obj/operation.o
                                  0x8 (size before relaxing)
 .ARM.exidx.text.get_uint_128
                0xd0000008        0x0 obj/operation.o
                                  0x8 (size before relaxing)
 .ARM.exidx.text.find_fee
                0xd0000008        0x0 obj/operation.o
                                  0x8 (size before relaxing)
 .ARM.exidx.text.find_creator
                0xd0000008        0x0 obj/operation.o
                                  0x8 (size before relaxing)
 .ARM.exidx.text.find_proposaler
                0xd0000008        0x0 obj/operation.o
                                  0x8 (size before relaxing)
 .ARM.exidx.text.find_pledger
                0xd0000008        0x0 obj/operation.o
                                  0x8 (size before relaxing)
 .ARM.exidx.text.find_side
                0xd0000008        0x0 obj/operation.o
                                  0x8 (size before relaxing)
 .ARM.exidx.text.find_order_type
                0xd0000008        0x0 obj/operation.o
                                  0x8 (size before relaxing)
 .ARM.exidx.text.find_market_name
                0xd0000008        0x0 obj/operation.o
                                  0x8 (size before relaxing)
 .ARM.exidx.text.find_from
                0xd0000008        0x0 obj/operation.o
                                  0x8 (size before relaxing)
 .ARM.exidx.text.find_to
                0xd0000008        0x0 obj/operation.o
                                  0x8 (size before relaxing)
 .ARM.exidx.text.find_to_external_address
                0xd0000008        0x0 obj/operation.o
                                  0x8 (size before relaxing)
 .ARM.exidx.text.find_message
                0xd0000008        0x0 obj/operation.o
                                  0x8 (size before relaxing)
 .ARM.exidx.text.find_amount
                0xd0000008        0x0 obj/operation.o
                                  0x8 (size before relaxing)
 .ARM.exidx.text.find_price
                0xd0000008        0x0 obj/operation.o
                                  0x8 (size before relaxing)
 .ARM.exidx.text.find_use_btt_as_fee
                0xd0000008        0x0 obj/operation.o
                                  0x8 (size before relaxing)
 .ARM.exidx.text.find_freeze_btt_fee
                0xd0000008        0x0 obj/operation.o
                                  0x8 (size before relaxing)
 .ARM.exidx.text.find_now
                0xd0000008        0x0 obj/operation.o
                                  0x8 (size before relaxing)
 .ARM.exidx.text.find_expiration
                0xd0000008        0x0 obj/operation.o
                                  0x8 (size before relaxing)
 .ARM.exidx.text.find_custom_btt_fee_rate
                0xd0000008        0x0 obj/operation.o
                                  0x8 (size before relaxing)
 .ARM.exidx.text.find_custom_no_btt_fee_rate
                0xd0000008        0x0 obj/operation.o
                                  0x8 (size before relaxing)
 .ARM.exidx.text.find_money_id
                0xd0000008        0x0 obj/operation.o
                                  0x8 (size before relaxing)
 .ARM.exidx.text.find_stock_id
                0xd0000008        0x0 obj/operation.o
                                  0x8 (size before relaxing)
 .ARM.exidx.text.find_asset_type
                0xd0000008        0x0 obj/operation.o
                                  0x8 (size before relaxing)
 .ARM.exidx.text.find_asset_fee
                0xd0000008        0x0 obj/operation.o
                                  0x8 (size before relaxing)
 .ARM.exidx.text.find_order_id
                0xd0000008        0x0 obj/operation.o
                                  0x8 (size before relaxing)
 .ARM.exidx.text.find_payment_id
                0xd0000008        0x0 obj/operation.o
                                  0x8 (size before relaxing)
 .ARM.exidx.text.find_contract_id
                0xd0000008        0x0 obj/operation.o
                                  0x8 (size before relaxing)
 .ARM.exidx.text.find_proposed_ops
                0xd0000008        0x0 obj/operation.o
                                  0x8 (size before relaxing)
 .ARM.exidx.text.build_withdraw_operation_data
                0xd0000008        0x0 obj/operation.o
                                  0x8 (size before relaxing)
 .ARM.exidx.text.build_withdraw_operation
                0xd0000008        0x0 obj/operation.o
                                  0x8 (size before relaxing)
 .ARM.exidx.text.build_withdraw2_operation_data
                0xd0000008        0x0 obj/operation.o
                                  0x8 (size before relaxing)
 .ARM.exidx.text.build_withdraw2_operation
                0xd0000008        0x0 obj/operation.o
                                  0x8 (size before relaxing)
 .ARM.exidx.text.build_transfer2_operation_data
                0xd0000008        0x0 obj/operation.o
                                  0x8 (size before relaxing)
 .ARM.exidx.text.build_transfer2_operation
                0xd0000008        0x0 obj/operation.o
                                  0x8 (size before relaxing)
 .ARM.exidx.text.build_order_create3_operation_data
                0xd0000008        0x0 obj/operation.o
                                  0x8 (size before relaxing)
 .ARM.exidx.text.build_order_create3_operation
                0xd0000008        0x0 obj/operation.o
                                  0x8 (size before relaxing)
 .ARM.exidx.text.build_order_cancel2_operation_data
                0xd0000008        0x0 obj/operation.o
                                  0x8 (size before relaxing)
 .ARM.exidx.text.build_order_cancel2_operation
                0xd0000008        0x0 obj/operation.o
                                  0x8 (size before relaxing)
 .ARM.exidx.text.build_pledge_operation_data
                0xd0000008        0x0 obj/operation.o
                                  0x8 (size before relaxing)
 .ARM.exidx.text.build_pledge_operation
                0xd0000008        0x0 obj/operation.o
                                  0x8 (size before relaxing)
 .ARM.exidx.text.build_redeem_operation_data
                0xd0000008        0x0 obj/operation.o
                                  0x8 (size before relaxing)
 .ARM.exidx.text.build_redeem_operation
                0xd0000008        0x0 obj/operation.o
                                  0x8 (size before relaxing)
 .ARM.exidx.text.build_torrent_payment_refund_operation_data
                0xd0000008        0x0 obj/operation.o
                                  0x8 (size before relaxing)
 .ARM.exidx.text.build_torrent_payment_refund_operation
                0xd0000008        0x0 obj/operation.o
                                  0x8 (size before relaxing)
 .ARM.exidx.text.build_proposal_operation_data
                0xd0000008        0x0 obj/operation.o
                                  0x8 (size before relaxing)
 .ARM.exidx.text.build_proposal_operation
                0xd0000008        0x0 obj/operation.o
                                  0x8 (size before relaxing)
 .ARM.exidx.text.build_operation
                0xd0000008        0x0 obj/operation.o
                                  0x8 (size before relaxing)
 .ARM.exidx.text.uint32_to_bytes
                0xd0000008        0x0 obj/operation_utils.o
                                  0x8 (size before relaxing)
 .ARM.exidx.text.uint32_to_bytes_net
                0xd0000008        0x0 obj/operation_utils.o
                                  0x8 (size before relaxing)
 .ARM.exidx.text.get_uint_128_bytes
                0xd0000008        0x0 obj/operation_utils.o
                                  0x8 (size before relaxing)
 .ARM.exidx.text.get_uint_128_bytes_c
                0xd0000008        0x0 obj/operation_utils.o
                                  0x8 (size before relaxing)
 .ARM.exidx.text.get_uint_256_bytes
                0xd0000008        0x0 obj/operation_utils.o
                                  0x8 (size before relaxing)
 .ARM.exidx.text.os_boot
                0xd0000008        0x0 obj/os.o
                                  0x8 (size before relaxing)
 .ARM.exidx.text.os_memmove
                0xd0000008        0x0 obj/os.o
                                  0x8 (size before relaxing)
 .ARM.exidx.text.os_memset
                0xd0000008        0x0 obj/os.o
                                  0x8 (size before relaxing)
 .ARM.exidx.text.os_memcmp
                0xd0000008        0x0 obj/os.o
                                  0x8 (size before relaxing)
 .ARM.exidx.text.os_longjmp
                0xd0000008        0x0 obj/os.o
                                  0x8 (size before relaxing)
 .ARM.exidx.text.io_seproxyhal_general_status
                0xd0000008        0x0 obj/os_io_seproxyhal.o
                                  0x8 (size before relaxing)
 .ARM.exidx.text.io_seproxyhal_handle_usb_event
                0xd0000008        0x0 obj/os_io_seproxyhal.o
                                  0x8 (size before relaxing)
 .ARM.exidx.text.io_seproxyhal_get_ep_rx_size
                0xd0000008        0x0 obj/os_io_seproxyhal.o
                                  0x8 (size before relaxing)
 .ARM.exidx.text.io_seproxyhal_handle_usb_ep_xfer_event
                0xd0000008        0x0 obj/os_io_seproxyhal.o
                                  0x8 (size before relaxing)
 .ARM.exidx.text.io_usb_send_ep
                0xd0000008        0x0 obj/os_io_seproxyhal.o
                                  0x8 (size before relaxing)
 .ARM.exidx.text.io_usb_send_apdu_data
                0xd0000008        0x0 obj/os_io_seproxyhal.o
                                  0x8 (size before relaxing)
 .ARM.exidx.text.io_usb_send_apdu_data_ep0x83
                0xd0000008        0x0 obj/os_io_seproxyhal.o
                                  0x8 (size before relaxing)
 .ARM.exidx.text.io_seproxyhal_handle_capdu_event
                0xd0000008        0x0 obj/os_io_seproxyhal.o
                                  0x8 (size before relaxing)
 .ARM.exidx.text.io_seproxyhal_handle_event
                0xd0000008        0x0 obj/os_io_seproxyhal.o
                                  0x8 (size before relaxing)
 .ARM.exidx.text.io_seproxyhal_init
                0xd0000008        0x0 obj/os_io_seproxyhal.o
                                  0x8 (size before relaxing)
 .ARM.exidx.text.io_seproxyhal_init_ux
                0xd0000008        0x0 obj/os_io_seproxyhal.o
                                  0x8 (size before relaxing)
 .ARM.exidx.text.io_seproxyhal_init_button
                0xd0000008        0x0 obj/os_io_seproxyhal.o
                                  0x8 (size before relaxing)
 .ARM.exidx.text.io_seproxyhal_display_icon
                0xd0000008        0x0 obj/os_io_seproxyhal.o
                                  0x8 (size before relaxing)
 .ARM.exidx.text.io_seproxyhal_display_default
                0xd0000008        0x0 obj/os_io_seproxyhal.o
                                  0x8 (size before relaxing)
 .ARM.exidx.text.bagl_label_roundtrip_duration_ms
                0xd0000008        0x0 obj/os_io_seproxyhal.o
                                  0x8 (size before relaxing)
 .ARM.exidx.text.bagl_label_roundtrip_duration_ms_buf
                0xd0000008        0x0 obj/os_io_seproxyhal.o
                                  0x8 (size before relaxing)
 .ARM.exidx.text.io_seproxyhal_button_push
                0xd0000008        0x0 obj/os_io_seproxyhal.o
                                  0x8 (size before relaxing)
 .ARM.exidx.text.io_seproxyhal_setup_ticker
                0xd0000008        0x0 obj/os_io_seproxyhal.o
                                  0x8 (size before relaxing)
 .ARM.exidx.text.os_io_seproxyhal_get_app_name_and_version
                0xd0000008        0x0 obj/os_io_seproxyhal.o
                                  0x8 (size before relaxing)
 .ARM.exidx.text.io_exchange
                0xd0000008        0x0 obj/os_io_seproxyhal.o
                                  0x8 (size before relaxing)
 .ARM.exidx.text.os_io_seph_recv_and_process
                0xd0000008        0x0 obj/os_io_seproxyhal.o
                                  0x8 (size before relaxing)
 .ARM.exidx.text.io_usb_hid_receive
                0xd0000008        0x0 obj/os_io_usb.o
                                  0x8 (size before relaxing)
 .ARM.exidx.text.io_usb_hid_init
                0xd0000008        0x0 obj/os_io_usb.o
                                  0x8 (size before relaxing)
 .ARM.exidx.text.io_usb_hid_sent
                0xd0000008        0x0 obj/os_io_usb.o
                                  0x8 (size before relaxing)
 .ARM.exidx.text.io_usb_hid_send
                0xd0000008        0x0 obj/os_io_usb.o
                                  0x8 (size before relaxing)
 .ARM.exidx.text.pic
                0xd0000008        0x0 obj/pic.o
                                  0x8 (size before relaxing)
 .ARM.exidx.text.pic_internal
                0xd0000008        0x0 obj/pic_internal.o
                                  0x8 (size before relaxing)
 .ARM.exidx.text.SVC_Call
                0xd0000008        0x0 obj/syscalls.o
                                  0x8 (size before relaxing)
 .ARM.exidx.text.check_api_level
                0xd0000008        0x0 obj/syscalls.o
                                  0x8 (size before relaxing)
 .ARM.exidx.text.halt
                0xd0000008        0x0 obj/syscalls.o
                                  0x8 (size before relaxing)
 .ARM.exidx.text.nvm_write
                0xd0000008        0x0 obj/syscalls.o
                                  0x8 (size before relaxing)
 .ARM.exidx.text.cx_rng
                0xd0000008        0x0 obj/syscalls.o
                                  0x8 (size before relaxing)
 .ARM.exidx.text.cx_hash
                0xd0000008        0x0 obj/syscalls.o
                                  0x8 (size before relaxing)
 .ARM.exidx.text.cx_ripemd160_init
                0xd0000008        0x0 obj/syscalls.o
                                  0x8 (size before relaxing)
 .ARM.exidx.text.cx_sha256_init
                0xd0000008        0x0 obj/syscalls.o
                                  0x8 (size before relaxing)
 .ARM.exidx.text.cx_sha512_init
                0xd0000008        0x0 obj/syscalls.o
                                  0x8 (size before relaxing)
 .ARM.exidx.text.cx_ecfp_init_private_key
                0xd0000008        0x0 obj/syscalls.o
                                  0x8 (size before relaxing)
 .ARM.exidx.text.cx_ecfp_generate_pair
                0xd0000008        0x0 obj/syscalls.o
                                  0x8 (size before relaxing)
 .ARM.exidx.text.cx_ecdsa_sign
                0xd0000008        0x0 obj/syscalls.o
                                  0x8 (size before relaxing)
 .ARM.exidx.text.cx_crc16_update
                0xd0000008        0x0 obj/syscalls.o
                                  0x8 (size before relaxing)
 .ARM.exidx.text.os_perso_isonboarded
                0xd0000008        0x0 obj/syscalls.o
                                  0x8 (size before relaxing)
 .ARM.exidx.text.os_perso_derive_node_bip32
                0xd0000008        0x0 obj/syscalls.o
                                  0x8 (size before relaxing)
 .ARM.exidx.text.os_perso_seed_cookie
                0xd0000008        0x0 obj/syscalls.o
                                  0x8 (size before relaxing)
 .ARM.exidx.text.os_global_pin_is_validated
                0xd0000008        0x0 obj/syscalls.o
                                  0x8 (size before relaxing)
 .ARM.exidx.text.os_ux
                0xd0000008        0x0 obj/syscalls.o
                                  0x8 (size before relaxing)
 .ARM.exidx.text.os_lib_throw
                0xd0000008        0x0 obj/syscalls.o
                                  0x8 (size before relaxing)
 .ARM.exidx.text.os_flags
                0xd0000008        0x0 obj/syscalls.o
                                  0x8 (size before relaxing)
 .ARM.exidx.text.os_registry_get_current_app_tag
                0xd0000008        0x0 obj/syscalls.o
                                  0x8 (size before relaxing)
 .ARM.exidx.text.os_sched_exit
                0xd0000008        0x0 obj/syscalls.o
                                  0x8 (size before relaxing)
 .ARM.exidx.text.io_seph_send
                0xd0000008        0x0 obj/syscalls.o
                                  0x8 (size before relaxing)
 .ARM.exidx.text.io_seph_is_status_sent
                0xd0000008        0x0 obj/syscalls.o
                                  0x8 (size before relaxing)
 .ARM.exidx.text.io_seph_recv
                0xd0000008        0x0 obj/syscalls.o
                                  0x8 (size before relaxing)
 .ARM.exidx.text.try_context_get
                0xd0000008        0x0 obj/syscalls.o
                                  0x8 (size before relaxing)
 .ARM.exidx.text.try_context_set
                0xd0000008        0x0 obj/syscalls.o
                                  0x8 (size before relaxing)
 .ARM.exidx.text.os_sched_last_status
                0xd0000008        0x0 obj/syscalls.o
                                  0x8 (size before relaxing)
 .ARM.exidx.text.find_tx_data
                0xd0000008        0x0 obj/transaction_builder.o
                                  0x8 (size before relaxing)
 .ARM.exidx.text.encode_chain_id
                0xd0000008        0x0 obj/transaction_builder.o
                                  0x8 (size before relaxing)
 .ARM.exidx.text.encode_timestamp
                0xd0000008        0x0 obj/transaction_builder.o
                                  0x8 (size before relaxing)
 .ARM.exidx.text.encode_expiration
                0xd0000008        0x0 obj/transaction_builder.o
                                  0x8 (size before relaxing)
 .ARM.exidx.text.encode_operation
                0xd0000008        0x0 obj/transaction_builder.o
                                  0x8 (size before relaxing)
 .ARM.exidx.text.encode_validate_type
                0xd0000008        0x0 obj/transaction_builder.o
                                  0x8 (size before relaxing)
 .ARM.exidx.text.encode_dapp
                0xd0000008        0x0 obj/transaction_builder.o
                                  0x8 (size before relaxing)
 .ARM.exidx.text.encode_proposal_transaction_id
                0xd0000008        0x0 obj/transaction_builder.o
                                  0x8 (size before relaxing)
 .ARM.exidx.text.build_transaction
                0xd0000008        0x0 obj/transaction_builder.o
                                  0x8 (size before relaxing)
 .ARM.exidx.text.u2f_apdu_sign
                0xd0000008        0x0 obj/u2f_impl.o
                                  0x8 (size before relaxing)
 .ARM.exidx.text.u2f_handle_cmd_init
                0xd0000008        0x0 obj/u2f_impl.o
                                  0x8 (size before relaxing)
 .ARM.exidx.text.u2f_handle_cmd_msg
                0xd0000008        0x0 obj/u2f_impl.o
                                  0x8 (size before relaxing)
 .ARM.exidx.text.u2f_message_complete
                0xd0000008        0x0 obj/u2f_impl.o
                                  0x8 (size before relaxing)
 .ARM.exidx.text.u2f_io_send
                0xd0000008        0x0 obj/u2f_io.o
                                  0x8 (size before relaxing)
 .ARM.exidx.text.u2f_transport_init
                0xd0000008        0x0 obj/u2f_transport.o
                                  0x8 (size before relaxing)
 .ARM.exidx.text.u2f_transport_sent
                0xd0000008        0x0 obj/u2f_transport.o
                                  0x8 (size before relaxing)
 .ARM.exidx.text.u2f_message_repliable
                0xd0000008        0x0 obj/u2f_transport.o
                                  0x8 (size before relaxing)
 .ARM.exidx.text.u2f_transport_send_usb_user_presence_required
                0xd0000008        0x0 obj/u2f_transport.o
                                  0x8 (size before relaxing)
 .ARM.exidx.text.u2f_transport_send_wink
                0xd0000008        0x0 obj/u2f_transport.o
                                  0x8 (size before relaxing)
 .ARM.exidx.text.u2f_transport_receive_fakeChannel
                0xd0000008        0x0 obj/u2f_transport.o
                                  0x8 (size before relaxing)
 .ARM.exidx.text.u2f_transport_received
                0xd0000008        0x0 obj/u2f_transport.o
                                  0x8 (size before relaxing)
 .ARM.exidx.text.u2f_is_channel_broadcast
                0xd0000008        0x0 obj/u2f_transport.o
                                  0x8 (size before relaxing)
 .ARM.exidx.text.u2f_message_set_autoreply_wait_user_presence
                0xd0000008        0x0 obj/u2f_transport.o
                                  0x8 (size before relaxing)
 .ARM.exidx.text.u2f_message_reply
                0xd0000008        0x0 obj/u2f_transport.o
                                  0x8 (size before relaxing)
 .ARM.exidx.text.show
                0xd0000008        0x0 obj/ui.o
                                  0x8 (size before relaxing)
 .ARM.exidx.text.ui_choose_account_zero_nanos_button
                0xd0000008        0x0 obj/ui_account.o
                                  0x8 (size before relaxing)
 .ARM.exidx.text.ui_choose_account_nanos_button
                0xd0000008        0x0 obj/ui_account.o
                                  0x8 (size before relaxing)
 .ARM.exidx.text.ui_create_account_nanos_button
                0xd0000008        0x0 obj/ui_account.o
                                  0x8 (size before relaxing)
 .ARM.exidx.text.ui_account_back_nanos_button
                0xd0000008        0x0 obj/ui_account.o
                                  0x8 (size before relaxing)
 .ARM.exidx.text.ui_confirm_account_nanos_button
                0xd0000008        0x0 obj/ui_account.o
                                  0x8 (size before relaxing)
 .ARM.exidx.text.ui_main_nanos_button
                0xd0000008        0x0 obj/ui_main.o
                                  0x8 (size before relaxing)
 .ARM.exidx.text.ui_main_nanos_prepro
                0xd0000008        0x0 obj/ui_main.o
                                  0x8 (size before relaxing)
 .ARM.exidx.text.ui_main_choose_account_nanos_button
                0xd0000008        0x0 obj/ui_main.o
                                  0x8 (size before relaxing)
 .ARM.exidx.text.ui_main_create_account_nanos_button
                0xd0000008        0x0 obj/ui_main.o
                                  0x8 (size before relaxing)
 .ARM.exidx.text.ui_main_exit_nanos_button
                0xd0000008        0x0 obj/ui_main.o
                                  0x8 (size before relaxing)
 .ARM.exidx.text.clean_tx
                0xd0000008        0x0 obj/ui_sign_transaction.o
                                  0x8 (size before relaxing)
 .ARM.exidx.text.display_tx_pre_part
                0xd0000008        0x0 obj/ui_sign_transaction.o
                                  0x8 (size before relaxing)
 .ARM.exidx.text.display_tx_part
                0xd0000008        0x0 obj/ui_sign_transaction.o
                                  0x8 (size before relaxing)
 .ARM.exidx.text.ui_sign_tx_nanos_button
                0xd0000008        0x0 obj/ui_sign_transaction.o
                                  0x8 (size before relaxing)
 .ARM.exidx.text.format_signature_out
                0xd0000008        0x0 obj/ui_sign_transaction.o
                                  0x8 (size before relaxing)
 .ARM.exidx.text.io_seproxyhal_touch_approve_tx
                0xd0000008        0x0 obj/ui_sign_transaction.o
                                  0x8 (size before relaxing)
 .ARM.exidx.text.ui_approval_tx_nanos_button
                0xd0000008        0x0 obj/ui_sign_transaction.o
                                  0x8 (size before relaxing)
 .ARM.exidx.text.ui_sign_tx_nanos_prepro
                0xd0000008        0x0 obj/ui_sign_transaction.o
                                  0x8 (size before relaxing)
 .ARM.exidx.text.clear128
                0xd0000008        0x0 obj/uint256.o
                                  0x8 (size before relaxing)
 .ARM.exidx.text.clear256
                0xd0000008        0x0 obj/uint256.o
                                  0x8 (size before relaxing)
 .ARM.exidx.text.add128
                0xd0000008        0x0 obj/uint256.o
                                  0x8 (size before relaxing)
 .ARM.exidx.text.mul128
                0xd0000008        0x0 obj/uint256.o
                                  0x8 (size before relaxing)
 .ARM.exidx.text.USBD_LL_Init
                0xd0000008        0x0 obj/usbd_conf.o
                                  0x8 (size before relaxing)
 .ARM.exidx.text.USBD_LL_DeInit
                0xd0000008        0x0 obj/usbd_conf.o
                                  0x8 (size before relaxing)
 .ARM.exidx.text.USBD_LL_Start
                0xd0000008        0x0 obj/usbd_conf.o
                                  0x8 (size before relaxing)
 .ARM.exidx.text.USBD_LL_Stop
                0xd0000008        0x0 obj/usbd_conf.o
                                  0x8 (size before relaxing)
 .ARM.exidx.text.USBD_LL_OpenEP
                0xd0000008        0x0 obj/usbd_conf.o
                                  0x8 (size before relaxing)
 .ARM.exidx.text.USBD_LL_CloseEP
                0xd0000008        0x0 obj/usbd_conf.o
                                  0x8 (size before relaxing)
 .ARM.exidx.text.USBD_LL_StallEP
                0xd0000008        0x0 obj/usbd_conf.o
                                  0x8 (size before relaxing)
 .ARM.exidx.text.USBD_LL_ClearStallEP
                0xd0000008        0x0 obj/usbd_conf.o
                                  0x8 (size before relaxing)
 .ARM.exidx.text.USBD_LL_IsStallEP
                0xd0000008        0x0 obj/usbd_conf.o
                                  0x8 (size before relaxing)
 .ARM.exidx.text.USBD_LL_SetUSBAddress
                0xd0000008        0x0 obj/usbd_conf.o
                                  0x8 (size before relaxing)
 .ARM.exidx.text.USBD_LL_Transmit
                0xd0000008        0x0 obj/usbd_conf.o
                                  0x8 (size before relaxing)
 .ARM.exidx.text.USBD_LL_PrepareReceive
                0xd0000008        0x0 obj/usbd_conf.o
                                  0x8 (size before relaxing)
 .ARM.exidx.text.USBD_Init
                0xd0000008        0x0 obj/usbd_core.o
                                  0x8 (size before relaxing)
 .ARM.exidx.text.USBD_DeInit
                0xd0000008        0x0 obj/usbd_core.o
                                  0x8 (size before relaxing)
 .ARM.exidx.text.USBD_RegisterClassForInterface
                0xd0000008        0x0 obj/usbd_core.o
                                  0x8 (size before relaxing)
 .ARM.exidx.text.USBD_Start
                0xd0000008        0x0 obj/usbd_core.o
                                  0x8 (size before relaxing)
 .ARM.exidx.text.USBD_SetClassConfig
                0xd0000008        0x0 obj/usbd_core.o
                                  0x8 (size before relaxing)
 .ARM.exidx.text.USBD_ClrClassConfig
                0xd0000008        0x0 obj/usbd_core.o
                                  0x8 (size before relaxing)
 .ARM.exidx.text.USBD_LL_SetupStage
                0xd0000008        0x0 obj/usbd_core.o
                                  0x8 (size before relaxing)
 .ARM.exidx.text.USBD_LL_DataOutStage
                0xd0000008        0x0 obj/usbd_core.o
                                  0x8 (size before relaxing)
 .ARM.exidx.text.USBD_LL_DataInStage
                0xd0000008        0x0 obj/usbd_core.o
                                  0x8 (size before relaxing)
 .ARM.exidx.text.USBD_LL_Reset
                0xd0000008        0x0 obj/usbd_core.o
                                  0x8 (size before relaxing)
 .ARM.exidx.text.USBD_LL_SetSpeed
                0xd0000008        0x0 obj/usbd_core.o
                                  0x8 (size before relaxing)
 .ARM.exidx.text.USBD_LL_Suspend
                0xd0000008        0x0 obj/usbd_core.o
                                  0x8 (size before relaxing)
 .ARM.exidx.text.USBD_LL_Resume
                0xd0000008        0x0 obj/usbd_core.o
                                  0x8 (size before relaxing)
 .ARM.exidx.text.USBD_LL_SOF
                0xd0000008        0x0 obj/usbd_core.o
                                  0x8 (size before relaxing)
 .ARM.exidx.text.usbd_is_valid_intf
                0xd0000008        0x0 obj/usbd_ctlreq.o
                                  0x8 (size before relaxing)
 .ARM.exidx.text.USBD_StdDevReq
                0xd0000008        0x0 obj/usbd_ctlreq.o
                                  0x8 (size before relaxing)
 .ARM.exidx.text.USBD_GetDescriptor
                0xd0000008        0x0 obj/usbd_ctlreq.o
                                  0x8 (size before relaxing)
 .ARM.exidx.text.USBD_SetAddress
                0xd0000008        0x0 obj/usbd_ctlreq.o
                                  0x8 (size before relaxing)
 .ARM.exidx.text.USBD_SetConfig
                0xd0000008        0x0 obj/usbd_ctlreq.o
                                  0x8 (size before relaxing)
 .ARM.exidx.text.USBD_GetConfig
                0xd0000008        0x0 obj/usbd_ctlreq.o
                                  0x8 (size before relaxing)
 .ARM.exidx.text.USBD_GetStatus
                0xd0000008        0x0 obj/usbd_ctlreq.o
                                  0x8 (size before relaxing)
 .ARM.exidx.text.USBD_SetFeature
                0xd0000008        0x0 obj/usbd_ctlreq.o
                                  0x8 (size before relaxing)
 .ARM.exidx.text.USBD_ClrFeature
                0xd0000008        0x0 obj/usbd_ctlreq.o
                                  0x8 (size before relaxing)
 .ARM.exidx.text.USBD_StdItfReq
                0xd0000008        0x0 obj/usbd_ctlreq.o
                                  0x8 (size before relaxing)
 .ARM.exidx.text.USBD_StdEPReq
                0xd0000008        0x0 obj/usbd_ctlreq.o
                                  0x8 (size before relaxing)
 .ARM.exidx.text.USBD_ParseSetupRequest
                0xd0000008        0x0 obj/usbd_ctlreq.o
                                  0x8 (size before relaxing)
 .ARM.exidx.text.USBD_CtlStall
                0xd0000008        0x0 obj/usbd_ctlreq.o
                                  0x8 (size before relaxing)
 .ARM.exidx.text.USBD_HID_Setup
                0xd0000008        0x0 obj/usbd_hid.o
                                  0x8 (size before relaxing)
 .ARM.exidx.text.USBD_HID_Init
                0xd0000008        0x0 obj/usbd_hid.o
                                  0x8 (size before relaxing)
 .ARM.exidx.text.USBD_HID_DeInit
                0xd0000008        0x0 obj/usbd_hid.o
                                  0x8 (size before relaxing)
 .ARM.exidx.text.USBD_HID_GetHidDescriptor_impl
                0xd0000008        0x0 obj/usbd_impl.o
                                  0x8 (size before relaxing)
 .ARM.exidx.text.USBD_HID_GetReportDescriptor_impl
                0xd0000008        0x0 obj/usbd_impl.o
                                  0x8 (size before relaxing)
 .ARM.exidx.text.USBD_U2F_Init
                0xd0000008        0x0 obj/usbd_impl.o
                                  0x8 (size before relaxing)
 .ARM.exidx.text.USBD_U2F_DataIn_impl
                0xd0000008        0x0 obj/usbd_impl.o
                                  0x8 (size before relaxing)
 .ARM.exidx.text.USBD_U2F_DataOut_impl
                0xd0000008        0x0 obj/usbd_impl.o
                                  0x8 (size before relaxing)
 .ARM.exidx.text.USBD_HID_DataIn_impl
                0xd0000008        0x0 obj/usbd_impl.o
                                  0x8 (size before relaxing)
 .ARM.exidx.text.USBD_HID_DataOut_impl
                0xd0000008        0x0 obj/usbd_impl.o
                                  0x8 (size before relaxing)
 .ARM.exidx.text.USBD_WEBUSB_Init
                0xd0000008        0x0 obj/usbd_impl.o
                                  0x8 (size before relaxing)
 .ARM.exidx.text.USBD_WEBUSB_DeInit
                0xd0000008        0x0 obj/usbd_impl.o
                                  0x8 (size before relaxing)
 .ARM.exidx.text.USBD_WEBUSB_Setup
                0xd0000008        0x0 obj/usbd_impl.o
                                  0x8 (size before relaxing)
 .ARM.exidx.text.USBD_WEBUSB_DataIn
                0xd0000008        0x0 obj/usbd_impl.o
                                  0x8 (size before relaxing)
 .ARM.exidx.text.USBD_WEBUSB_DataOut
                0xd0000008        0x0 obj/usbd_impl.o
                                  0x8 (size before relaxing)
 .ARM.exidx.text.USBD_DeviceDescriptor
                0xd0000008        0x0 obj/usbd_impl.o
                                  0x8 (size before relaxing)
 .ARM.exidx.text.USBD_LangIDStrDescriptor
                0xd0000008        0x0 obj/usbd_impl.o
                                  0x8 (size before relaxing)
 .ARM.exidx.text.USBD_ManufacturerStrDescriptor
                0xd0000008        0x0 obj/usbd_impl.o
                                  0x8 (size before relaxing)
 .ARM.exidx.text.USBD_ProductStrDescriptor
                0xd0000008        0x0 obj/usbd_impl.o
                                  0x8 (size before relaxing)
 .ARM.exidx.text.USBD_SerialStrDescriptor
                0xd0000008        0x0 obj/usbd_impl.o
                                  0x8 (size before relaxing)
 .ARM.exidx.text.USBD_ConfigStrDescriptor
                0xd0000008        0x0 obj/usbd_impl.o
                                  0x8 (size before relaxing)
 .ARM.exidx.text.USBD_InterfaceStrDescriptor
                0xd0000008        0x0 obj/usbd_impl.o
                                  0x8 (size before relaxing)
 .ARM.exidx.text.USBD_BOSDescriptor
                0xd0000008        0x0 obj/usbd_impl.o
                                  0x8 (size before relaxing)
 .ARM.exidx.text.USBD_CtlError
                0xd0000008        0x0 obj/usbd_impl.o
                                  0x8 (size before relaxing)
 .ARM.exidx.text.USB_power
                0xd0000008        0x0 obj/usbd_impl.o
                                  0x8 (size before relaxing)
 .ARM.exidx.text.USBD_GetCfgDesc_impl
                0xd0000008        0x0 obj/usbd_impl.o
                                  0x8 (size before relaxing)
 .ARM.exidx.text.USBD_GetDeviceQualifierDesc_impl
                0xd0000008        0x0 obj/usbd_impl.o
                                  0x8 (size before relaxing)
 .ARM.exidx.text.USBD_CtlSendData
                0xd0000008        0x0 obj/usbd_ioreq.o
                                  0x8 (size before relaxing)
 .ARM.exidx.text.USBD_CtlContinueSendData
                0xd0000008        0x0 obj/usbd_ioreq.o
                                  0x8 (size before relaxing)
 .ARM.exidx.text.USBD_CtlContinueRx
                0xd0000008        0x0 obj/usbd_ioreq.o
                                  0x8 (size before relaxing)
 .ARM.exidx.text.USBD_CtlSendStatus
                0xd0000008        0x0 obj/usbd_ioreq.o
                                  0x8 (size before relaxing)
 .ARM.exidx.text.USBD_CtlReceiveStatus
                0xd0000008        0x0 obj/usbd_ioreq.o
                                  0x8 (size before relaxing)
 .ARM.exidx.text.ux_stack_push
                0xd0000008        0x0 obj/ux_stack.o
                                  0x8 (size before relaxing)

.rel.dyn        0xd0000008        0x0
 .rel.iplt      0xd0000008        0x0 obj/apdu_constants.o

.stab
 *(.stab)

.stabstr
 *(.stabstr)

.stab.excl
 *(.stab.excl)

.stab.exclstr
 *(.stab.exclstr)

.stab.index
 *(.stab.index)

.stab.indexstr
 *(.stab.indexstr)

.comment        0x00000000       0x2d
 *(.comment)
 .comment       0x00000000       0x2d obj/apdu_constants.o
                                 0x2e (size before relaxing)
 .comment       0x0000002d       0x2e obj/btchip_base58.o
 .comment       0x0000002d       0x2e obj/business.o
 .comment       0x0000002d       0x2e obj/cx_compliance_141.o
 .comment       0x0000002d       0x2e obj/main.o
 .comment       0x0000002d       0x2e obj/operation.o
 .comment       0x0000002d       0x2e obj/operation_utils.o
 .comment       0x0000002d       0x2e obj/os.o
 .comment       0x0000002d       0x2e obj/os_io_seproxyhal.o
 .comment       0x0000002d       0x2e obj/os_io_usb.o
 .comment       0x0000002d       0x2e obj/pic.o
 .comment       0x0000002d       0x2e obj/pic_internal.o
 .comment       0x0000002d       0x2e obj/syscalls.o
 .comment       0x0000002d       0x2e obj/transaction_builder.o